Archive member included to satisfy reference by file (symbol)

c:/program files/microchip/xc32/v3.01/bin/bin/../../lib/gcc/pic32c/8.3.1/../../../../pic32c/lib/thumb/v7e-m+dp/hard\libpic32c.a(data_init.o)
                              build/default/production/_ext/1171490990/startup_xc32.o (__pic32c_data_initialization)
c:/program files/microchip/xc32/v3.01/bin/bin/../../lib/gcc/pic32c/8.3.1/../../../../pic32c/lib/thumb/v7e-m+dp/hard\libc_nano.a(lib_a-impure.o)
                              build/default/production/_ext/1171490990/initialization.o (_impure_ptr)
c:/program files/microchip/xc32/v3.01/bin/bin/../../lib/gcc/pic32c/8.3.1/../../../../pic32c/lib/thumb/v7e-m+dp/hard\libc_nano.a(lib_a-init.o)
                              build/default/production/_ext/1171490990/startup_xc32.o (__libc_init_array)
c:/program files/microchip/xc32/v3.01/bin/bin/../../lib/gcc/pic32c/8.3.1/../../../../pic32c/lib/thumb/v7e-m+dp/hard\libc_nano.a(lib_a-memcpy-stub.o)
                              build/default/production/_ext/60167248/plib_efc.o (memcpy)
c:/program files/microchip/xc32/v3.01/bin/bin/../../lib/gcc/pic32c/8.3.1/../../../../pic32c/lib/thumb/v7e-m+dp/hard\libc_nano.a(lib_a-printf.o)
                              build/default/production/_ext/1360937237/main.o (printf)
c:/program files/microchip/xc32/v3.01/bin/bin/../../lib/gcc/pic32c/8.3.1/../../../../pic32c/lib/thumb/v7e-m+dp/hard\libc_nano.a(lib_a-setbuf.o)
                              build/default/production/_ext/1171490990/initialization.o (setbuf)
c:/program files/microchip/xc32/v3.01/bin/bin/../../lib/gcc/pic32c/8.3.1/../../../../pic32c/lib/thumb/v7e-m+dp/hard\libc_nano.a(lib_a-setvbuf.o)
                              c:/program files/microchip/xc32/v3.01/bin/bin/../../lib/gcc/pic32c/8.3.1/../../../../pic32c/lib/thumb/v7e-m+dp/hard\libc_nano.a(lib_a-setbuf.o) (setvbuf)
c:/program files/microchip/xc32/v3.01/bin/bin/../../lib/gcc/pic32c/8.3.1/../../../../pic32c/lib/thumb/v7e-m+dp/hard\libc_nano.a(lib_a-fflush.o)
                              c:/program files/microchip/xc32/v3.01/bin/bin/../../lib/gcc/pic32c/8.3.1/../../../../pic32c/lib/thumb/v7e-m+dp/hard\libc_nano.a(lib_a-setvbuf.o) (_fflush_r)
c:/program files/microchip/xc32/v3.01/bin/bin/../../lib/gcc/pic32c/8.3.1/../../../../pic32c/lib/thumb/v7e-m+dp/hard\libc_nano.a(lib_a-findfp.o)
                              c:/program files/microchip/xc32/v3.01/bin/bin/../../lib/gcc/pic32c/8.3.1/../../../../pic32c/lib/thumb/v7e-m+dp/hard\libc_nano.a(lib_a-printf.o) (__sinit)
c:/program files/microchip/xc32/v3.01/bin/bin/../../lib/gcc/pic32c/8.3.1/../../../../pic32c/lib/thumb/v7e-m+dp/hard\libc_nano.a(lib_a-fwalk.o)
                              c:/program files/microchip/xc32/v3.01/bin/bin/../../lib/gcc/pic32c/8.3.1/../../../../pic32c/lib/thumb/v7e-m+dp/hard\libc_nano.a(lib_a-fflush.o) (_fwalk_reent)
c:/program files/microchip/xc32/v3.01/bin/bin/../../lib/gcc/pic32c/8.3.1/../../../../pic32c/lib/thumb/v7e-m+dp/hard\libc_nano.a(lib_a-makebuf.o)
                              c:/program files/microchip/xc32/v3.01/bin/bin/../../lib/gcc/pic32c/8.3.1/../../../../pic32c/lib/thumb/v7e-m+dp/hard\libc_nano.a(lib_a-setvbuf.o) (__swhatbuf_r)
c:/program files/microchip/xc32/v3.01/bin/bin/../../lib/gcc/pic32c/8.3.1/../../../../pic32c/lib/thumb/v7e-m+dp/hard\libc_nano.a(lib_a-malloc.o)
                              c:/program files/microchip/xc32/v3.01/bin/bin/../../lib/gcc/pic32c/8.3.1/../../../../pic32c/lib/thumb/v7e-m+dp/hard\libc_nano.a(lib_a-setvbuf.o) (malloc)
c:/program files/microchip/xc32/v3.01/bin/bin/../../lib/gcc/pic32c/8.3.1/../../../../pic32c/lib/thumb/v7e-m+dp/hard\libc_nano.a(lib_a-memset.o)
                              c:/program files/microchip/xc32/v3.01/bin/bin/../../lib/gcc/pic32c/8.3.1/../../../../pic32c/lib/thumb/v7e-m+dp/hard\libc_nano.a(lib_a-findfp.o) (memset)
c:/program files/microchip/xc32/v3.01/bin/bin/../../lib/gcc/pic32c/8.3.1/../../../../pic32c/lib/thumb/v7e-m+dp/hard\libc_nano.a(lib_a-nano-freer.o)
                              c:/program files/microchip/xc32/v3.01/bin/bin/../../lib/gcc/pic32c/8.3.1/../../../../pic32c/lib/thumb/v7e-m+dp/hard\libc_nano.a(lib_a-setvbuf.o) (_free_r)
c:/program files/microchip/xc32/v3.01/bin/bin/../../lib/gcc/pic32c/8.3.1/../../../../pic32c/lib/thumb/v7e-m+dp/hard\libc_nano.a(lib_a-nano-mallocr.o)
                              c:/program files/microchip/xc32/v3.01/bin/bin/../../lib/gcc/pic32c/8.3.1/../../../../pic32c/lib/thumb/v7e-m+dp/hard\libc_nano.a(lib_a-findfp.o) (_malloc_r)
c:/program files/microchip/xc32/v3.01/bin/bin/../../lib/gcc/pic32c/8.3.1/../../../../pic32c/lib/thumb/v7e-m+dp/hard\libc_nano.a(lib_a-nano-vfprintf.o)
                              c:/program files/microchip/xc32/v3.01/bin/bin/../../lib/gcc/pic32c/8.3.1/../../../../pic32c/lib/thumb/v7e-m+dp/hard\libc_nano.a(lib_a-printf.o) (_vfprintf_r)
c:/program files/microchip/xc32/v3.01/bin/bin/../../lib/gcc/pic32c/8.3.1/../../../../pic32c/lib/thumb/v7e-m+dp/hard\libc_nano.a(lib_a-nano-vfprintf_float.o)
[...]
Memory Configuration

Name             Origin             Length             Attributes
rom              0x00400000         0x00200000         xrl
ram              0x20400000         0x00060000         xw !r
itcm             0x00000000         0x00000000         xw
dtcm             0x20000000         0x00000000         xw !r
config_D0000000  0xd0000000         0x00000004
config_D0000008  0xd0000008         0x00000004
config_D0000004  0xd0000004         0x00000004
config_D000000C  0xd000000c         0x00000004
config_D0000010  0xd0000010         0x00000004
*default*        0x00000000         0xffffffff

Linker script and memory map

LOAD c:/program files/microchip/xc32/v3.01/bin/bin/../../lib/gcc/pic32c/8.3.1/thumb/v7e-m+dp/hard/crti.o
LOAD c:/program files/microchip/xc32/v3.01/bin/bin/../../lib/gcc/pic32c/8.3.1/thumb/v7e-m+dp/hard/crtbegin.o
LOAD build/default/production/_ext/1434821282/bsp.o
LOAD build/default/production/_ext/60165520/plib_clk.o
LOAD build/default/production/_ext/60167248/plib_efc.o
LOAD build/default/production/_ext/1865468468/plib_nvic.o
LOAD build/default/production/_ext/60177924/plib_pio.o
LOAD build/default/production/_ext/2001315827/plib_usart1.o
LOAD build/default/production/_ext/163028504/xc32_monitor.o
LOAD build/default/production/_ext/1171490990/initialization.o
LOAD build/default/production/_ext/1171490990/interrupts.o
LOAD build/default/production/_ext/1171490990/exceptions.o
LOAD build/default/production/_ext/1171490990/startup_xc32.o
LOAD build/default/production/_ext/1171490990/libc_syscalls.o
LOAD build/default/production/_ext/1360937237/main.o
                0x00000001                __MPLAB_BUILD = 0x1
                0x00600000                __rom_end = (ORIGIN (rom) + LENGTH (rom))
                0x20460000                __ram_end = (ORIGIN (ram) + LENGTH (ram))

.config_D0000000
                0xd0000000        0x4
 *(.config_D0000000)
 .config_D0000000
                0xd0000000        0x4 build/default/production/_ext/1171490990/initialization.o
                0xd0000000                __config_D0000000

.config_D0000008
 *(.config_D0000008)

.config_D0000004
 *(.config_D0000004)

.config_D000000C
 *(.config_D000000C)

.config_D0000010
 *(.config_D0000010)

.vectors        0x00400000      0x168
                0x00400000                . = ALIGN (0x4)
                0x00400000                _sfixed = .
 *(.vectors .vectors.* .vectors_default .vectors_default.*)
 .vectors       0x00400000      0x168 build/default/production/_ext/1171490990/interrupts.o
                0x00400000                exception_table
 *(.isr_vector)
 *(.reset*)
 *(.after_vectors)

.text           0x00400168       0x20
                0x00400168                . = ALIGN (0x4)
 *(.glue_7t)
 .glue_7t       0x00400168        0x0 linker stubs
 *(.glue_7)
 .glue_7        0x00400168        0x0 linker stubs
 *(.gnu.linkonce.r.*)
 *(.ARM.extab* .gnu.linkonce.armextab.*)
                0x00400168                . = ALIGN (0x4)
 *(.init)
 .init          0x00400168        0x4 c:/program files/microchip/xc32/v3.01/bin/bin/../../lib/gcc/pic32c/8.3.1/thumb/v7e-m+dp/hard/crti.o
                0x00400168                _init
 .init          0x0040016c        0x8 c:/program files/microchip/xc32/v3.01/bin/bin/../../lib/gcc/pic32c/8.3.1/thumb/v7e-m+dp/hard/crtn.o
                0x00400174                . = ALIGN (0x4)
                0x00400174                __preinit_array_start = .
 *(.preinit_array)
                0x00400174                __preinit_array_end = .
                0x00400174                . = ALIGN (0x4)
                0x00400174                __init_array_start = .
 *(SORT_BY_NAME(.init_array.*))
 *(.init_array)
 .init_array    0x00400174        0x4 c:/program files/microchip/xc32/v3.01/bin/bin/../../lib/gcc/pic32c/8.3.1/thumb/v7e-m+dp/hard/crtbegin.o
                0x00400178                __init_array_end = .
                0x00400178                . = ALIGN (0x4)
 *crtbegin.o(.ctors)
 *(EXCLUDE_FILE(*crtend.o) .ctors)
 *(SORT_BY_NAME(.ctors.*))
 *crtend.o(.ctors)
                0x00400178                . = ALIGN (0x4)
 *(.fini)
 .fini          0x00400178        0x4 c:/program files/microchip/xc32/v3.01/bin/bin/../../lib/gcc/pic32c/8.3.1/thumb/v7e-m+dp/hard/crti.o
                0x00400178                _fini
 .fini          0x0040017c        0x8 c:/program files/microchip/xc32/v3.01/bin/bin/../../lib/gcc/pic32c/8.3.1/thumb/v7e-m+dp/hard/crtn.o
                0x00400184                . = ALIGN (0x4)
                0x00400184                __fini_array_start = .
 *(.fini_array)
 .fini_array    0x00400184        0x4 c:/program files/microchip/xc32/v3.01/bin/bin/../../lib/gcc/pic32c/8.3.1/thumb/v7e-m+dp/hard/crtbegin.o
 *(SORT_BY_NAME(.fini_array.*))
                0x00400188                __fini_array_end = .
 *crtbegin.o(.dtors)
 *(EXCLUDE_FILE(*crtend.o) .dtors)
 *(SORT_BY_NAME(.dtors.*))
 *crtend.o(.dtors)
                0x00400188                . = ALIGN (0x4)
                0x00400188                _efixed = .
                [!provide]                PROVIDE (__exidx_start = .)

.ARM.exidx
 *(.ARM.exidx* .gnu.linkonce.armexidx.*)
                [!provide]                PROVIDE (__exidx_end = .)
                0x00400188                . = ALIGN (0x4)
                0x00400188                _etext = .

.bss            0x20400000        0x4
                0x20400000                . = ALIGN (0x4)
                0x20400000                __bss_start__ = .
                0x20400000                _sbss = .
                0x20400000                _szero = .
 *(COMMON)
 COMMON         0x20400000        0x4 c:/program files/microchip/xc32/v3.01/bin/bin/../../lib/gcc/pic32c/8.3.1/../../../../pic32c/lib/thumb/v7e-m+dp/hard\libc_nano.a(lib_a-reent.o)
                0x20400000                errno
                0x20400004                . = ALIGN (0x4)
                0x20400004                __bss_end__ = .
                0x20400004                _ebss = .
                0x20400004                _ezero = .
                0x20400004                . = ALIGN (0x4)
                0x20400004                _end = .
                0x2045ffff                _ram_end_ = ((ORIGIN (ram) + LENGTH (ram)) - 0x1)
                0x00000200                _min_heap_size = 0x200
START GROUP
LOAD c:/program files/microchip/xc32/v3.01/bin/bin/../../lib/gcc/pic32c/8.3.1/../../../../pic32c/lib/thumb/v7e-m+dp/hard\libpic32c.a
LOAD c:/program files/microchip/xc32/v3.01/bin/bin/../../lib/gcc/pic32c/8.3.1/thumb/v7e-m+dp/hard\libgcc.a
LOAD c:/program files/microchip/xc32/v3.01/bin/bin/../../lib/gcc/pic32c/8.3.1/../../../../pic32c/lib/thumb/v7e-m+dp/hard\libm_nano.a
LOAD c:/program files/microchip/xc32/v3.01/bin/bin/../../lib/gcc/pic32c/8.3.1/../../../../pic32c/lib/thumb/v7e-m+dp/hard\libc_nano.a
END GROUP
LOAD c:/program files/microchip/xc32/v3.01/bin/bin/../../lib/gcc/pic32c/8.3.1/thumb/v7e-m+dp/hard/crtend.o
LOAD c:/program files/microchip/xc32/v3.01/bin/bin/../../lib/gcc/pic32c/8.3.1/thumb/v7e-m+dp/hard/crtn.o
OUTPUT(dist/default/production/e70_xult.X.production.elf elf32-littlearm)
LOAD stack
LOAD data_init

.ARM.attributes
                0x00000000       0x2e
 .ARM.attributes
                0x00000000       0x1e c:/program files/microchip/xc32/v3.01/bin/bin/../../lib/gcc/pic32c/8.3.1/thumb/v7e-m+dp/hard/crti.o
 .ARM.attributes
                0x0000001e       0x32 c:/program files/microchip/xc32/v3.01/bin/bin/../../lib/gcc/pic32c/8.3.1/thumb/v7e-m+dp/hard/crtbegin.o
 .ARM.attributes
                0x00000050       0x32 build/default/production/_ext/1434821282/bsp.o
 .ARM.attributes
                0x00000082       0x32 build/default/production/_ext/60165520/plib_clk.o
 .ARM.attributes
                0x000000b4       0x32 build/default/production/_ext/60167248/plib_efc.o
 .ARM.attributes
                0x000000e6       0x32 build/default/production/_ext/1865468468/plib_nvic.o
 .ARM.attributes
                0x00000118       0x32 build/default/production/_ext/60177924/plib_pio.o
 .ARM.attributes
                0x0000014a       0x32 build/default/production/_ext/2001315827/plib_usart1.o
 .ARM.attributes
                0x0000017c       0x32 build/default/production/_ext/163028504/xc32_monitor.o
 .ARM.attributes
                0x000001ae       0x32 build/default/production/_ext/1171490990/initialization.o
 .ARM.attributes
                0x000001e0       0x32 build/default/production/_ext/1171490990/interrupts.o
 .ARM.attributes
                0x00000212       0x32 build/default/production/_ext/1171490990/exceptions.o
 .ARM.attributes
                0x00000244       0x32 build/default/production/_ext/1171490990/startup_xc32.o
 .ARM.attributes
                0x00000276       0x32 build/default/production/_ext/1360937237/main.o
 .ARM.attributes
                0x000002a8       0x32 c:/program files/microchip/xc32/v3.01/bin/bin/../../lib/gcc/pic32c/8.3.1/../../../../pic32c/lib/thumb/v7e-m+dp/hard\libpic32c.a(data_init.o)
 .ARM.attributes
                0x000002da       0x30 c:/program files/microchip/xc32/v3.01/bin/bin/../../lib/gcc/pic32c/8.3.1/../../../../pic32c/lib/thumb/v7e-m+dp/hard\libc_nano.a(lib_a-impure.o)
 .ARM.attributes
                0x0000030a       0x32 c:/program files/microchip/xc32/v3.01/bin/bin/../../lib/gcc/pic32c/8.3.1/../../../../pic32c/lib/thumb/v7e-m+dp/hard\libc_nano.a(lib_a-init.o)
 .ARM.attributes
                0x0000033c       0x32 c:/program files/microchip/xc32/v3.01/bin/bin/../../lib/gcc/pic32c/8.3.1/../../../../pic32c/lib/thumb/v7e-m+dp/hard\libc_nano.a(lib_a-memcpy-stub.o)
 .ARM.attributes
                0x0000036e       0x32 c:/program files/microchip/xc32/v3.01/bin/bin/../../lib/gcc/pic32c/8.3.1/../../../../pic32c/lib/thumb/v7e-m+dp/hard\libc_nano.a(lib_a-printf.o)
 .ARM.attributes
                0x000003a0       0x32 c:/program files/microchip/xc32/v3.01/bin/bin/../../lib/gcc/pic32c/8.3.1/../../../../pic32c/lib/thumb/v7e-m+dp/hard\libc_nano.a(lib_a-setbuf.o)
 .ARM.attributes
                0x000003d2       0x32 c:/program files/microchip/xc32/v3.01/bin/bin/../../lib/gcc/pic32c/8.3.1/../../../../pic32c/lib/thumb/v7e-m+dp/hard\libc_nano.a(lib_a-setvbuf.o)
 .ARM.attributes
                0x00000404       0x32 c:/program files/microchip/xc32/v3.01/bin/bin/../../lib/gcc/pic32c/8.3.1/../../../../pic32c/lib/thumb/v7e-m+dp/hard\libc_nano.a(lib_a-fflush.o)
 .ARM.attributes
                0x00000436       0x32 c:/program files/microchip/xc32/v3.01/bin/bin/../../lib/gcc/pic32c/8.3.1/../../../../pic32c/lib/thumb/v7e-m+dp/hard\libc_nano.a(lib_a-findfp.o)
 .ARM.attributes
                0x00000468       0x32 c:/program files/microchip/xc32/v3.01/bin/bin/../../lib/gcc/pic32c/8.3.1/../../../../pic32c/lib/thumb/v7e-m+dp/hard\libc_nano.a(lib_a-fwalk.o)
 .ARM.attributes
                0x0000049a       0x32 c:/program files/microchip/xc32/v3.01/bin/bin/../../lib/gcc/pic32c/8.3.1/../../../../pic32c/lib/thumb/v7e-m+dp/hard\libc_nano.a(lib_a-makebuf.o)
 .ARM.attributes
                0x000004cc       0x32 c:/program files/microchip/xc32/v3.01/bin/bin/../../lib/gcc/pic32c/8.3.1/../../../../pic32c/lib/thumb/v7e-m+dp/hard\libc_nano.a(lib_a-malloc.o)
 .ARM.attributes
                0x000004fe       0x32 c:/program files/microchip/xc32/v3.01/bin/bin/../../lib/gcc/pic32c/8.3.1/../../../../pic32c/lib/thumb/v7e-m+dp/hard\libc_nano.a(lib_a-memset.o)
 .ARM.attributes
                0x00000530       0x32 c:/program files/microchip/xc32/v3.01/bin/bin/../../lib/gcc/pic32c/8.3.1/../../../../pic32c/lib/thumb/v7e-m+dp/hard\libc_nano.a(lib_a-nano-freer.o)
 .ARM.attributes
                0x00000562       0x32 c:/program files/microchip/xc32/v3.01/bin/bin/../../lib/gcc/pic32c/8.3.1/../../../../pic32c/lib/thumb/v7e-m+dp/hard\libc_nano.a(lib_a-nano-mallocr.o)
 .ARM.attributes
                0x00000594       0x32 c:/program files/microchip/xc32/v3.01/bin/bin/../../lib/gcc/pic32c/8.3.1/../../../../pic32c/lib/thumb/v7e-m+dp/hard\libc_nano.a(lib_a-nano-vfprintf.o)
 .ARM.attributes
                0x000005c6       0x32 c:/program files/microchip/xc32/v3.01/bin/bin/../../lib/gcc/pic32c/8.3.1/../../../../pic32c/lib/thumb/v7e-m+dp/hard\libc_nano.a(lib_a-nano-vfprintf_float.o)
 .ARM.attributes
                0x000005f8       0x32 c:/program files/microchip/xc32/v3.01/bin/bin/../../lib/gcc/pic32c/8.3.1/../../../../pic32c/lib/thumb/v7e-m+dp/hard\libc_nano.a(lib_a-nano-vfprintf_i.o)
 .ARM.attributes
                0x0000062a       0x32 c:/program files/microchip/xc32/v3.01/bin/bin/../../lib/gcc/pic32c/8.3.1/../../../../pic32c/lib/thumb/v7e-m+dp/hard\libc_nano.a(lib_a-sbrkr.o)
 .ARM.attributes
                0x0000065c       0x32 c:/program files/microchip/xc32/v3.01/bin/bin/../../lib/gcc/pic32c/8.3.1/../../../../pic32c/lib/thumb/v7e-m+dp/hard\libc_nano.a(lib_a-stdio.o)
 .ARM.attributes
                0x0000068e       0x17 c:/program files/microchip/xc32/v3.01/bin/bin/../../lib/gcc/pic32c/8.3.1/../../../../pic32c/lib/thumb/v7e-m+dp/hard\libc_nano.a(lib_a-strlen.o)
 .ARM.attributes
                0x000006a5       0x32 c:/program files/microchip/xc32/v3.01/bin/bin/../../lib/gcc/pic32c/8.3.1/../../../../pic32c/lib/thumb/v7e-m+dp/hard\libc_nano.a(lib_a-writer.o)
 .ARM.attributes
                0x000006d7       0x32 c:/program files/microchip/xc32/v3.01/bin/bin/../../lib/gcc/pic32c/8.3.1/../../../../pic32c/lib/thumb/v7e-m+dp/hard\libc_nano.a(lib_a-wsetup.o)
 .ARM.attributes
                0x00000709       0x32 c:/program files/microchip/xc32/v3.01/bin/bin/../../lib/gcc/pic32c/8.3.1/../../../../pic32c/lib/thumb/v7e-m+dp/hard\libc_nano.a(lib_a-__ssfputs.o)
 .ARM.attributes
                0x0000073b       0x32 c:/program files/microchip/xc32/v3.01/bin/bin/../../lib/gcc/pic32c/8.3.1/../../../../pic32c/lib/thumb/v7e-m+dp/hard\libc_nano.a(lib_a-closer.o)
 .ARM.attributes
                0x0000076d       0x32 c:/program files/microchip/xc32/v3.01/bin/bin/../../lib/gcc/pic32c/8.3.1/../../../../pic32c/lib/thumb/v7e-m+dp/hard\libc_nano.a(lib_a-dtoa.o)
 .ARM.attributes
                0x0000079f       0x32 c:/program files/microchip/xc32/v3.01/bin/bin/../../lib/gcc/pic32c/8.3.1/../../../../pic32c/lib/thumb/v7e-m+dp/hard\libc_nano.a(lib_a-fputwc.o)
 .ARM.attributes
                0x000007d1       0x32 c:/program files/microchip/xc32/v3.01/bin/bin/../../lib/gcc/pic32c/8.3.1/../../../../pic32c/lib/thumb/v7e-m+dp/hard\libc_nano.a(lib_a-fstatr.o)
 .ARM.attributes
                0x00000803       0x32 c:/program files/microchip/xc32/v3.01/bin/bin/../../lib/gcc/pic32c/8.3.1/../../../../pic32c/lib/thumb/v7e-m+dp/hard\libc_nano.a(lib_a-isattyr.o)
 .ARM.attributes
                0x00000835       0x32 c:/program files/microchip/xc32/v3.01/bin/bin/../../lib/gcc/pic32c/8.3.1/../../../../pic32c/lib/thumb/v7e-m+dp/hard\libc_nano.a(lib_a-locale.o)
 .ARM.attributes
                0x00000867       0x32 c:/program files/microchip/xc32/v3.01/bin/bin/../../lib/gcc/pic32c/8.3.1/../../../../pic32c/lib/thumb/v7e-m+dp/hard\libc_nano.a(lib_a-localeconv.o)
 .ARM.attributes
                0x00000899       0x32 c:/program files/microchip/xc32/v3.01/bin/bin/../../lib/gcc/pic32c/8.3.1/../../../../pic32c/lib/thumb/v7e-m+dp/hard\libc_nano.a(lib_a-lseekr.o)
 .ARM.attributes
                0x000008cb       0x32 c:/program files/microchip/xc32/v3.01/bin/bin/../../lib/gcc/pic32c/8.3.1/../../../../pic32c/lib/thumb/v7e-m+dp/hard\libc_nano.a(lib_a-mbtowc_r.o)
 .ARM.attributes
                0x000008fd       0x1c c:/program files/microchip/xc32/v3.01/bin/bin/../../lib/gcc/pic32c/8.3.1/../../../../pic32c/lib/thumb/v7e-m+dp/hard\libc_nano.a(lib_a-memchr.o)
 .ARM.attributes
                0x00000919       0x32 c:/program files/microchip/xc32/v3.01/bin/bin/../../lib/gcc/pic32c/8.3.1/../../../../pic32c/lib/thumb/v7e-m+dp/hard\libc_nano.a(lib_a-mlock.o)
 .ARM.attributes
                0x0000094b       0x32 c:/program files/microchip/xc32/v3.01/bin/bin/../../lib/gcc/pic32c/8.3.1/../../../../pic32c/lib/thumb/v7e-m+dp/hard\libc_nano.a(lib_a-mprec.o)
 .ARM.attributes
                0x0000097d       0x32 c:/program files/microchip/xc32/v3.01/bin/bin/../../lib/gcc/pic32c/8.3.1/../../../../pic32c/lib/thumb/v7e-m+dp/hard\libc_nano.a(lib_a-nano-callocr.o)
 .ARM.attributes
                0x000009af       0x32 c:/program files/microchip/xc32/v3.01/bin/bin/../../lib/gcc/pic32c/8.3.1/../../../../pic32c/lib/thumb/v7e-m+dp/hard\libc_nano.a(lib_a-readr.o)
 .ARM.attributes
                0x000009e1       0x32 c:/program files/microchip/xc32/v3.01/bin/bin/../../lib/gcc/pic32c/8.3.1/../../../../pic32c/lib/thumb/v7e-m+dp/hard\libc_nano.a(lib_a-reent.o)
 .ARM.attributes
                0x00000a13       0x32 c:/program files/microchip/xc32/v3.01/bin/bin/../../lib/gcc/pic32c/8.3.1/../../../../pic32c/lib/thumb/v7e-m+dp/hard\libc_nano.a(lib_a-wbuf.o)
 .ARM.attributes
                0x00000a45       0x32 c:/program files/microchip/xc32/v3.01/bin/bin/../../lib/gcc/pic32c/8.3.1/../../../../pic32c/lib/thumb/v7e-m+dp/hard\libc_nano.a(lib_a-wcrtomb.o)
 .ARM.attributes
                0x00000a77       0x32 c:/program files/microchip/xc32/v3.01/bin/bin/../../lib/gcc/pic32c/8.3.1/../../../../pic32c/lib/thumb/v7e-m+dp/hard\libc_nano.a(lib_a-wctomb_r.o)
 .ARM.attributes
                0x00000aa9       0x30 c:/program files/microchip/xc32/v3.01/bin/bin/../../lib/gcc/pic32c/8.3.1/../../../../pic32c/lib/thumb/v7e-m+dp/hard\libc_nano.a(lib_a-ctype_.o)
 .ARM.attributes
                0x00000ad9       0x32 c:/program files/microchip/xc32/v3.01/bin/bin/../../lib/gcc/pic32c/8.3.1/../../../../pic32c/lib/thumb/v7e-m+dp/hard\libpic32c.a(_close.o)
 .ARM.attributes
                0x00000b0b       0x32 c:/program files/microchip/xc32/v3.01/bin/bin/../../lib/gcc/pic32c/8.3.1/../../../../pic32c/lib/thumb/v7e-m+dp/hard\libpic32c.a(_fstat.o)
 .ARM.attributes
                0x00000b3d       0x32 c:/program files/microchip/xc32/v3.01/bin/bin/../../lib/gcc/pic32c/8.3.1/../../../../pic32c/lib/thumb/v7e-m+dp/hard\libpic32c.a(_isatty.o)
 .ARM.attributes
                0x00000b6f       0x32 c:/program files/microchip/xc32/v3.01/bin/bin/../../lib/gcc/pic32c/8.3.1/../../../../pic32c/lib/thumb/v7e-m+dp/hard\libpic32c.a(_lseek.o)
 .ARM.attributes
                0x00000ba1       0x32 c:/program files/microchip/xc32/v3.01/bin/bin/../../lib/gcc/pic32c/8.3.1/../../../../pic32c/lib/thumb/v7e-m+dp/hard\libpic32c.a(_read.o)
 .ARM.attributes
                0x00000bd3       0x32 c:/program files/microchip/xc32/v3.01/bin/bin/../../lib/gcc/pic32c/8.3.1/../../../../pic32c/lib/thumb/v7e-m+dp/hard\libpic32c.a(sbrk.o)
 .ARM.attributes
                0x00000c05       0x32 c:/program files/microchip/xc32/v3.01/bin/bin/../../lib/gcc/pic32c/8.3.1/../../../../pic32c/lib/thumb/v7e-m+dp/hard\libpic32c.a(_write.o)
 .ARM.attributes
                0x00000c37       0x32 c:/program files/microchip/xc32/v3.01/bin/bin/../../lib/gcc/pic32c/8.3.1/../../../../pic32c/lib/thumb/v7e-m+dp/hard\libpic32c.a(close.o)
 .ARM.attributes
                0x00000c69       0x32 c:/program files/microchip/xc32/v3.01/bin/bin/../../lib/gcc/pic32c/8.3.1/../../../../pic32c/lib/thumb/v7e-m+dp/hard\libpic32c.a(fstat.o)
 .ARM.attributes
                0x00000c9b       0x32 c:/program files/microchip/xc32/v3.01/bin/bin/../../lib/gcc/pic32c/8.3.1/../../../../pic32c/lib/thumb/v7e-m+dp/hard\libpic32c.a(isatty.o)
 .ARM.attributes
                0x00000ccd       0x32 c:/program files/microchip/xc32/v3.01/bin/bin/../../lib/gcc/pic32c/8.3.1/../../../../pic32c/lib/thumb/v7e-m+dp/hard\libpic32c.a(lseek.o)
 .ARM.attributes
                0x00000cff       0x32 c:/program files/microchip/xc32/v3.01/bin/bin/../../lib/gcc/pic32c/8.3.1/../../../../pic32c/lib/thumb/v7e-m+dp/hard\libpic32c.a(read.o)
 .ARM.attributes
                0x00000d31       0x32 c:/program files/microchip/xc32/v3.01/bin/bin/../../lib/gcc/pic32c/8.3.1/../../../../pic32c/lib/thumb/v7e-m+dp/hard\libpic32c.a(write.o)
 .ARM.attributes
                0x00000d63       0x1e c:/program files/microchip/xc32/v3.01/bin/bin/../../lib/gcc/pic32c/8.3.1/thumb/v7e-m+dp/hard/crtn.o

.comment        0x00000000       0x53
 .comment       0x00000000       0x53 c:/program files/microchip/xc32/v3.01/bin/bin/../../lib/gcc/pic32c/8.3.1/thumb/v7e-m+dp/hard/crtbegin.o
                                 0x54 (size before relaxing)
 .comment       0x00000053       0x54 build/default/production/_ext/1434821282/bsp.o
 .comment       0x00000053       0x54 build/default/production/_ext/60165520/plib_clk.o
 .comment       0x00000053       0x54 build/default/production/_ext/60167248/plib_efc.o
 .comment       0x00000053       0x54 build/default/production/_ext/1865468468/plib_nvic.o
 .comment       0x00000053       0x54 build/default/production/_ext/60177924/plib_pio.o
 .comment       0x00000053       0x54 build/default/production/_ext/2001315827/plib_usart1.o
 .comment       0x00000053       0x54 build/default/production/_ext/163028504/xc32_monitor.o
 .comment       0x00000053       0x54 build/default/production/_ext/1171490990/initialization.o
 .comment       0x00000053       0x54 build/default/production/_ext/1171490990/interrupts.o
 .comment       0x00000053       0x54 build/default/production/_ext/1171490990/exceptions.o
 .comment       0x00000053       0x54 build/default/production/_ext/1171490990/startup_xc32.o
 .comment       0x00000053       0x54 build/default/production/_ext/1360937237/main.o
 .comment       0x00000053       0x54 c:/program files/microchip/xc32/v3.01/bin/bin/../../lib/gcc/pic32c/8.3.1/../../../../pic32c/lib/thumb/v7e-m+dp/hard\libpic32c.a(data_init.o)
 .comment       0x00000053       0x54 c:/program files/microchip/xc32/v3.01/bin/bin/../../lib/gcc/pic32c/8.3.1/../../../../pic32c/lib/thumb/v7e-m+dp/hard\libc_nano.a(lib_a-impure.o)
 .comment       0x00000053       0x54 c:/program files/microchip/xc32/v3.01/bin/bin/../../lib/gcc/pic32c/8.3.1/../../../../pic32c/lib/thumb/v7e-m+dp/hard\libc_nano.a(lib_a-init.o)
 .comment       0x00000053       0x54 c:/program files/microchip/xc32/v3.01/bin/bin/../../lib/gcc/pic32c/8.3.1/../../../../pic32c/lib/thumb/v7e-m+dp/hard\libc_nano.a(lib_a-memcpy-stub.o)
 .comment       0x00000053       0x54 c:/program files/microchip/xc32/v3.01/bin/bin/../../lib/gcc/pic32c/8.3.1/../../../../pic32c/lib/thumb/v7e-m+dp/hard\libc_nano.a(lib_a-printf.o)
 .comment       0x00000053       0x54 c:/program files/microchip/xc32/v3.01/bin/bin/../../lib/gcc/pic32c/8.3.1/../../../../pic32c/lib/thumb/v7e-m+dp/hard\libc_nano.a(lib_a-setbuf.o)
 .comment       0x00000053       0x54 c:/program files/microchip/xc32/v3.01/bin/bin/../../lib/gcc/pic32c/8.3.1/../../../../pic32c/lib/thumb/v7e-m+dp/hard\libc_nano.a(lib_a-setvbuf.o)
 .comment       0x00000053       0x54 c:/program files/microchip/xc32/v3.01/bin/bin/../../lib/gcc/pic32c/8.3.1/../../../../pic32c/lib/thumb/v7e-m+dp/hard\libc_nano.a(lib_a-fflush.o)
 .comment       0x00000053       0x54 c:/program files/microchip/xc32/v3.01/bin/bin/../../lib/gcc/pic32c/8.3.1/../../../../pic32c/lib/thumb/v7e-m+dp/hard\libc_nano.a(lib_a-findfp.o)
 .comment       0x00000053       0x54 c:/program files/microchip/xc32/v3.01/bin/bin/../../lib/gcc/pic32c/8.3.1/../../../../pic32c/lib/thumb/v7e-m+dp/hard\libc_nano.a(lib_a-fwalk.o)
 .comment       0x00000053       0x54 c:/program files/microchip/xc32/v3.01/bin/bin/../../lib/gcc/pic32c/8.3.1/../../../../pic32c/lib/thumb/v7e-m+dp/hard\libc_nano.a(lib_a-makebuf.o)
 .comment       0x00000053       0x54 c:/program files/microchip/xc32/v3.01/bin/bin/../../lib/gcc/pic32c/8.3.1/../../../../pic32c/lib/thumb/v7e-m+dp/hard\libc_nano.a(lib_a-malloc.o)
 .comment       0x00000053       0x54 c:/program files/microchip/xc32/v3.01/bin/bin/../../lib/gcc/pic32c/8.3.1/../../../../pic32c/lib/thumb/v7e-m+dp/hard\libc_nano.a(lib_a-memset.o)
 .comment       0x00000053       0x54 c:/program files/microchip/xc32/v3.01/bin/bin/../../lib/gcc/pic32c/8.3.1/../../../../pic32c/lib/thumb/v7e-m+dp/hard\libc_nano.a(lib_a-nano-freer.o)
 .comment       0x00000053       0x54 c:/program files/microchip/xc32/v3.01/bin/bin/../../lib/gcc/pic32c/8.3.1/../../../../pic32c/lib/thumb/v7e-m+dp/hard\libc_nano.a(lib_a-nano-mallocr.o)
 .comment       0x00000053       0x54 c:/program files/microchip/xc32/v3.01/bin/bin/../../lib/gcc/pic32c/8.3.1/../../../../pic32c/lib/thumb/v7e-m+dp/hard\libc_nano.a(lib_a-nano-vfprintf.o)
 .comment       0x00000053       0x54 c:/program files/microchip/xc32/v3.01/bin/bin/../../lib/gcc/pic32c/8.3.1/../../../../pic32c/lib/thumb/v7e-m+dp/hard\libc_nano.a(lib_a-nano-vfprintf_float.o)
 .comment       0x00000053       0x54 c:/program files/microchip/xc32/v3.01/bin/bin/../../lib/gcc/pic32c/8.3.1/../../../../pic32c/lib/thumb/v7e-m+dp/hard\libc_nano.a(lib_a-nano-vfprintf_i.o)
 .comment       0x00000053       0x54 c:/program files/microchip/xc32/v3.01/bin/bin/../../lib/gcc/pic32c/8.3.1/../../../../pic32c/lib/thumb/v7e-m+dp/hard\libc_nano.a(lib_a-sbrkr.o)
 .comment       0x00000053       0x54 c:/program files/microchip/xc32/v3.01/bin/bin/../../lib/gcc/pic32c/8.3.1/../../../../pic32c/lib/thumb/v7e-m+dp/hard\libc_nano.a(lib_a-stdio.o)
 .comment       0x00000053       0x54 c:/program files/microchip/xc32/v3.01/bin/bin/../../lib/gcc/pic32c/8.3.1/../../../../pic32c/lib/thumb/v7e-m+dp/hard\libc_nano.a(lib_a-writer.o)
 .comment       0x00000053       0x54 c:/program files/microchip/xc32/v3.01/bin/bin/../../lib/gcc/pic32c/8.3.1/../../../../pic32c/lib/thumb/v7e-m+dp/hard\libc_nano.a(lib_a-wsetup.o)
 .comment       0x00000053       0x54 c:/program files/microchip/xc32/v3.01/bin/bin/../../lib/gcc/pic32c/8.3.1/../../../../pic32c/lib/thumb/v7e-m+dp/hard\libc_nano.a(lib_a-__ssfputs.o)
 .comment       0x00000053       0x54 c:/program files/microchip/xc32/v3.01/bin/bin/../../lib/gcc/pic32c/8.3.1/../../../../pic32c/lib/thumb/v7e-m+dp/hard\libc_nano.a(lib_a-closer.o)
 .comment       0x00000053       0x54 c:/program files/microchip/xc32/v3.01/bin/bin/../../lib/gcc/pic32c/8.3.1/../../../../pic32c/lib/thumb/v7e-m+dp/hard\libc_nano.a(lib_a-dtoa.o)
 .comment       0x00000053       0x54 c:/program files/microchip/xc32/v3.01/bin/bin/../../lib/gcc/pic32c/8.3.1/../../../../pic32c/lib/thumb/v7e-m+dp/hard\libc_nano.a(lib_a-fputwc.o)
 .comment       0x00000053       0x54 c:/program files/microchip/xc32/v3.01/bin/bin/../../lib/gcc/pic32c/8.3.1/../../../../pic32c/lib/thumb/v7e-m+dp/hard\libc_nano.a(lib_a-fstatr.o)
 .comment       0x00000053       0x54 c:/program files/microchip/xc32/v3.01/bin/bin/../../lib/gcc/pic32c/8.3.1/../../../../pic32c/lib/thumb/v7e-m+dp/hard\libc_nano.a(lib_a-isattyr.o)
 .comment       0x00000053       0x54 c:/program files/microchip/xc32/v3.01/bin/bin/../../lib/gcc/pic32c/8.3.1/../../../../pic32c/lib/thumb/v7e-m+dp/hard\libc_nano.a(lib_a-locale.o)
 .comment       0x00000053       0x54 c:/program files/microchip/xc32/v3.01/bin/bin/../../lib/gcc/pic32c/8.3.1/../../../../pic32c/lib/thumb/v7e-m+dp/hard\libc_nano.a(lib_a-localeconv.o)
 .comment       0x00000053       0x54 c:/program files/microchip/xc32/v3.01/bin/bin/../../lib/gcc/pic32c/8.3.1/../../../../pic32c/lib/thumb/v7e-m+dp/hard\libc_nano.a(lib_a-lseekr.o)
 .comment       0x00000053       0x54 c:/program files/microchip/xc32/v3.01/bin/bin/../../lib/gcc/pic32c/8.3.1/../../../../pic32c/lib/thumb/v7e-m+dp/hard\libc_nano.a(lib_a-mbtowc_r.o)
 .comment       0x00000053       0x54 c:/program files/microchip/xc32/v3.01/bin/bin/../../lib/gcc/pic32c/8.3.1/../../../../pic32c/lib/thumb/v7e-m+dp/hard\libc_nano.a(lib_a-mlock.o)
 .comment       0x00000053       0x54 c:/program files/microchip/xc32/v3.01/bin/bin/../../lib/gcc/pic32c/8.3.1/../../../../pic32c/lib/thumb/v7e-m+dp/hard\libc_nano.a(lib_a-mprec.o)
 .comment       0x00000053       0x54 c:/program files/microchip/xc32/v3.01/bin/bin/../../lib/gcc/pic32c/8.3.1/../../../../pic32c/lib/thumb/v7e-m+dp/hard\libc_nano.a(lib_a-nano-callocr.o)
 .comment       0x00000053       0x54 c:/program files/microchip/xc32/v3.01/bin/bin/../../lib/gcc/pic32c/8.3.1/../../../../pic32c/lib/thumb/v7e-m+dp/hard\libc_nano.a(lib_a-readr.o)
 .comment       0x00000053       0x54 c:/program files/microchip/xc32/v3.01/bin/bin/../../lib/gcc/pic32c/8.3.1/../../../../pic32c/lib/thumb/v7e-m+dp/hard\libc_nano.a(lib_a-reent.o)
 .comment       0x00000053       0x54 c:/program files/microchip/xc32/v3.01/bin/bin/../../lib/gcc/pic32c/8.3.1/../../../../pic32c/lib/thumb/v7e-m+dp/hard\libc_nano.a(lib_a-wbuf.o)
 .comment       0x00000053       0x54 c:/program files/microchip/xc32/v3.01/bin/bin/../../lib/gcc/pic32c/8.3.1/../../../../pic32c/lib/thumb/v7e-m+dp/hard\libc_nano.a(lib_a-wcrtomb.o)
 .comment       0x00000053       0x54 c:/program files/microchip/xc32/v3.01/bin/bin/../../lib/gcc/pic32c/8.3.1/../../../../pic32c/lib/thumb/v7e-m+dp/hard\libc_nano.a(lib_a-wctomb_r.o)
 .comment       0x00000053       0x54 c:/program files/microchip/xc32/v3.01/bin/bin/../../lib/gcc/pic32c/8.3.1/../../../../pic32c/lib/thumb/v7e-m+dp/hard\libc_nano.a(lib_a-ctype_.o)
 .comment       0x00000053       0x54 c:/program files/microchip/xc32/v3.01/bin/bin/../../lib/gcc/pic32c/8.3.1/../../../../pic32c/lib/thumb/v7e-m+dp/hard\libpic32c.a(_close.o)
 .comment       0x00000053       0x54 c:/program files/microchip/xc32/v3.01/bin/bin/../../lib/gcc/pic32c/8.3.1/../../../../pic32c/lib/thumb/v7e-m+dp/hard\libpic32c.a(_fstat.o)
 .comment       0x00000053       0x54 c:/program files/microchip/xc32/v3.01/bin/bin/../../lib/gcc/pic32c/8.3.1/../../../../pic32c/lib/thumb/v7e-m+dp/hard\libpic32c.a(_isatty.o)
 .comment       0x00000053       0x54 c:/program files/microchip/xc32/v3.01/bin/bin/../../lib/gcc/pic32c/8.3.1/../../../../pic32c/lib/thumb/v7e-m+dp/hard\libpic32c.a(_lseek.o)
 .comment       0x00000053       0x54 c:/program files/microchip/xc32/v3.01/bin/bin/../../lib/gcc/pic32c/8.3.1/../../../../pic32c/lib/thumb/v7e-m+dp/hard\libpic32c.a(_read.o)
 .comment       0x00000053       0x54 c:/program files/microchip/xc32/v3.01/bin/bin/../../lib/gcc/pic32c/8.3.1/../../../../pic32c/lib/thumb/v7e-m+dp/hard\libpic32c.a(sbrk.o)
 .comment       0x00000053       0x54 c:/program files/microchip/xc32/v3.01/bin/bin/../../lib/gcc/pic32c/8.3.1/../../../../pic32c/lib/thumb/v7e-m+dp/hard\libpic32c.a(_write.o)
 .comment       0x00000053       0x54 c:/program files/microchip/xc32/v3.01/bin/bin/../../lib/gcc/pic32c/8.3.1/../../../../pic32c/lib/thumb/v7e-m+dp/hard\libpic32c.a(close.o)
 .comment       0x00000053       0x54 c:/program files/microchip/xc32/v3.01/bin/bin/../../lib/gcc/pic32c/8.3.1/../../../../pic32c/lib/thumb/v7e-m+dp/hard\libpic32c.a(fstat.o)
 .comment       0x00000053       0x54 c:/program files/microchip/xc32/v3.01/bin/bin/../../lib/gcc/pic32c/8.3.1/../../../../pic32c/lib/thumb/v7e-m+dp/hard\libpic32c.a(isatty.o)
 .comment       0x00000053       0x54 c:/program files/microchip/xc32/v3.01/bin/bin/../../lib/gcc/pic32c/8.3.1/../../../../pic32c/lib/thumb/v7e-m+dp/hard\libpic32c.a(lseek.o)
 .comment       0x00000053       0x54 c:/program files/microchip/xc32/v3.01/bin/bin/../../lib/gcc/pic32c/8.3.1/../../../../pic32c/lib/thumb/v7e-m+dp/hard\libpic32c.a(read.o)
 .comment       0x00000053       0x54 c:/program files/microchip/xc32/v3.01/bin/bin/../../lib/gcc/pic32c/8.3.1/../../../../pic32c/lib/thumb/v7e-m+dp/hard\libpic32c.a(write.o)

.debug_info     0x00000000     0xec40
 .debug_info    0x00000000     0x1628 build/default/production/_ext/1434821282/bsp.o
 .debug_info    0x00001628      0x8d6 build/default/production/_ext/60165520/plib_clk.o
 .debug_info    0x00001efe     0x1544 build/default/production/_ext/60167248/plib_efc.o
 .debug_info    0x00003442      0xb3c build/default/production/_ext/1865468468/plib_nvic.o
 .debug_info    0x00003f7e      0xfa7 build/default/production/_ext/60177924/plib_pio.o
 .debug_info    0x00004f25      0xdc7 build/default/production/_ext/2001315827/plib_usart1.o
 .debug_info    0x00005cec     0x1004 build/default/production/_ext/163028504/xc32_monitor.o
 .debug_info    0x00006cf0     0x111e build/default/production/_ext/1171490990/initialization.o
 .debug_info    0x00007e0e     0x1a00 build/default/production/_ext/1171490990/interrupts.o
 .debug_info    0x0000980e      0xff1 build/default/production/_ext/1171490990/exceptions.o
 .debug_info    0x0000a7ff      0xe5e build/default/production/_ext/1171490990/startup_xc32.o
 .debug_info    0x0000b65d      0xfbe build/default/production/_ext/1360937237/main.o
 .debug_info    0x0000c61b      0x2d3 c:/program files/microchip/xc32/v3.01/bin/bin/../../lib/gcc/pic32c/8.3.1/../../../../pic32c/lib/thumb/v7e-m+dp/hard\libpic32c.a(data_init.o)
 .debug_info    0x0000c8ee      0x2b8 c:/program files/microchip/xc32/v3.01/bin/bin/../../lib/gcc/pic32c/8.3.1/../../../../pic32c/lib/thumb/v7e-m+dp/hard\libpic32c.a(_close.o)
 .debug_info    0x0000cba6      0x2b8 c:/program files/microchip/xc32/v3.01/bin/bin/../../lib/gcc/pic32c/8.3.1/../../../../pic32c/lib/thumb/v7e-m+dp/hard\libpic32c.a(_fstat.o)
 .debug_info    0x0000ce5e      0x2ba c:/program files/microchip/xc32/v3.01/bin/bin/../../lib/gcc/pic32c/8.3.1/../../../../pic32c/lib/thumb/v7e-m+dp/hard\libpic32c.a(_isatty.o)
 .debug_info    0x0000d118      0x2b8 c:/program files/microchip/xc32/v3.01/bin/bin/../../lib/gcc/pic32c/8.3.1/../../../../pic32c/lib/thumb/v7e-m+dp/hard\libpic32c.a(_lseek.o)
 .debug_info    0x0000d3d0      0x2b6 c:/program files/microchip/xc32/v3.01/bin/bin/../../lib/gcc/pic32c/8.3.1/../../../../pic32c/lib/thumb/v7e-m+dp/hard\libpic32c.a(_read.o)
 .debug_info    0x0000d686      0x2b6 c:/program files/microchip/xc32/v3.01/bin/bin/../../lib/gcc/pic32c/8.3.1/../../../../pic32c/lib/thumb/v7e-m+dp/hard\libpic32c.a(sbrk.o)
 .debug_info    0x0000d93c      0x2b8 c:/program files/microchip/xc32/v3.01/bin/bin/../../lib/gcc/pic32c/8.3.1/../../../../pic32c/lib/thumb/v7e-m+dp/hard\libpic32c.a(_write.o)
 .debug_info    0x0000dbf4      0x2b7 c:/program files/microchip/xc32/v3.01/bin/bin/../../lib/gcc/pic32c/8.3.1/../../../../pic32c/lib/thumb/v7e-m+dp/hard\libpic32c.a(close.o)
 .debug_info    0x0000deab      0x2b7 c:/program files/microchip/xc32/v3.01/bin/bin/../../lib/gcc/pic32c/8.3.1/../../../../pic32c/lib/thumb/v7e-m+dp/hard\libpic32c.a(fstat.o)
 .debug_info    0x0000e162      0x2b9 c:/program files/microchip/xc32/v3.01/bin/bin/../../lib/gcc/pic32c/8.3.1/../../../../pic32c/lib/thumb/v7e-m+dp/hard\libpic32c.a(isatty.o)
 .debug_info    0x0000e41b      0x2b7 c:/program files/microchip/xc32/v3.01/bin/bin/../../lib/gcc/pic32c/8.3.1/../../../../pic32c/lib/thumb/v7e-m+dp/hard\libpic32c.a(lseek.o)
 .debug_info    0x0000e6d2      0x2b6 c:/program files/microchip/xc32/v3.01/bin/bin/../../lib/gcc/pic32c/8.3.1/../../../../pic32c/lib/thumb/v7e-m+dp/hard\libpic32c.a(read.o)
 .debug_info    0x0000e988      0x2b8 c:/program files/microchip/xc32/v3.01/bin/bin/../../lib/gcc/pic32c/8.3.1/../../../../pic32c/lib/thumb/v7e-m+dp/hard\libpic32c.a(write.o)

.debug_abbrev   0x00000000     0x19eb
 .debug_abbrev  0x00000000      0x1cb build/default/production/_ext/1434821282/bsp.o
 .debug_abbrev  0x000001cb       0xd5 build/default/production/_ext/60165520/plib_clk.o
 .debug_abbrev  0x000002a0      0x30e build/default/production/_ext/60167248/plib_efc.o
 .debug_abbrev  0x000005ae      0x1a0 build/default/production/_ext/1865468468/plib_nvic.o
 .debug_abbrev  0x0000074e      0x19c build/default/production/_ext/60177924/plib_pio.o
 .debug_abbrev  0x000008ea      0x1ec build/default/production/_ext/2001315827/plib_usart1.o
 .debug_abbrev  0x00000ad6      0x240 build/default/production/_ext/163028504/xc32_monitor.o
 .debug_abbrev  0x00000d16      0x252 build/default/production/_ext/1171490990/initialization.o
 .debug_abbrev  0x00000f68      0x1cc build/default/production/_ext/1171490990/interrupts.o
 .debug_abbrev  0x00001134      0x1bf build/default/production/_ext/1171490990/exceptions.o
 .debug_abbrev  0x000012f3      0x24f build/default/production/_ext/1171490990/startup_xc32.o
 .debug_abbrev  0x00001542      0x237 build/default/production/_ext/1360937237/main.o
 .debug_abbrev  0x00001779       0x2e c:/program files/microchip/xc32/v3.01/bin/bin/../../lib/gcc/pic32c/8.3.1/../../../../pic32c/lib/thumb/v7e-m+dp/hard\libpic32c.a(data_init.o)
 .debug_abbrev  0x000017a7       0x2b c:/program files/microchip/xc32/v3.01/bin/bin/../../lib/gcc/pic32c/8.3.1/../../../../pic32c/lib/thumb/v7e-m+dp/hard\libpic32c.a(_close.o)
 .debug_abbrev  0x000017d2       0x2b c:/program files/microchip/xc32/v3.01/bin/bin/../../lib/gcc/pic32c/8.3.1/../../../../pic32c/lib/thumb/v7e-m+dp/hard\libpic32c.a(_fstat.o)
 .debug_abbrev  0x000017fd       0x2b c:/program files/microchip/xc32/v3.01/bin/bin/../../lib/gcc/pic32c/8.3.1/../../../../pic32c/lib/thumb/v7e-m+dp/hard\libpic32c.a(_isatty.o)
 .debug_abbrev  0x00001828       0x2b c:/program files/microchip/xc32/v3.01/bin/bin/../../lib/gcc/pic32c/8.3.1/../../../../pic32c/lib/thumb/v7e-m+dp/hard\libpic32c.a(_lseek.o)
 .debug_abbrev  0x00001853       0x2b c:/program files/microchip/xc32/v3.01/bin/bin/../../lib/gcc/pic32c/8.3.1/../../../../pic32c/lib/thumb/v7e-m+dp/hard\libpic32c.a(_read.o)
 .debug_abbrev  0x0000187e       0x2e c:/program files/microchip/xc32/v3.01/bin/bin/../../lib/gcc/pic32c/8.3.1/../../../../pic32c/lib/thumb/v7e-m+dp/hard\libpic32c.a(sbrk.o)
 .debug_abbrev  0x000018ac       0x2b c:/program files/microchip/xc32/v3.01/bin/bin/../../lib/gcc/pic32c/8.3.1/../../../../pic32c/lib/thumb/v7e-m+dp/hard\libpic32c.a(_write.o)
 .debug_abbrev  0x000018d7       0x2e c:/program files/microchip/xc32/v3.01/bin/bin/../../lib/gcc/pic32c/8.3.1/../../../../pic32c/lib/thumb/v7e-m+dp/hard\libpic32c.a(close.o)
 .debug_abbrev  0x00001905       0x2e c:/program files/microchip/xc32/v3.01/bin/bin/../../lib/gcc/pic32c/8.3.1/../../../../pic32c/lib/thumb/v7e-m+dp/hard\libpic32c.a(fstat.o)
 .debug_abbrev  0x00001933       0x2e c:/program files/microchip/xc32/v3.01/bin/bin/../../lib/gcc/pic32c/8.3.1/../../../../pic32c/lib/thumb/v7e-m+dp/hard\libpic32c.a(isatty.o)
 .debug_abbrev  0x00001961       0x2e c:/program files/microchip/xc32/v3.01/bin/bin/../../lib/gcc/pic32c/8.3.1/../../../../pic32c/lib/thumb/v7e-m+dp/hard\libpic32c.a(lseek.o)
 .debug_abbrev  0x0000198f       0x2e c:/program files/microchip/xc32/v3.01/bin/bin/../../lib/gcc/pic32c/8.3.1/../../../../pic32c/lib/thumb/v7e-m+dp/hard\libpic32c.a(read.o)
 .debug_abbrev  0x000019bd       0x2e c:/program files/microchip/xc32/v3.01/bin/bin/../../lib/gcc/pic32c/8.3.1/../../../../pic32c/lib/thumb/v7e-m+dp/hard\libpic32c.a(write.o)

.debug_aranges  0x00000000      0x470
 .debug_aranges
                0x00000000       0x20 build/default/production/_ext/1434821282/bsp.o
 .debug_aranges
                0x00000020       0x20 build/default/production/_ext/60165520/plib_clk.o
 .debug_aranges
                0x00000040       0x70 build/default/production/_ext/60167248/plib_efc.o
 .debug_aranges
                0x000000b0       0x38 build/default/production/_ext/1865468468/plib_nvic.o
 .debug_aranges
                0x000000e8       0x60 build/default/production/_ext/60177924/plib_pio.o
 .debug_aranges
                0x00000148       0x70 build/default/production/_ext/2001315827/plib_usart1.o
 .debug_aranges
                0x000001b8       0x28 build/default/production/_ext/163028504/xc32_monitor.o
 .debug_aranges
                0x000001e0       0x20 build/default/production/_ext/1171490990/initialization.o
 .debug_aranges
                0x00000200       0x20 build/default/production/_ext/1171490990/interrupts.o
 .debug_aranges
                0x00000220       0x48 build/default/production/_ext/1171490990/exceptions.o
 .debug_aranges
                0x00000268       0x28 build/default/production/_ext/1171490990/startup_xc32.o
 .debug_aranges
                0x00000290       0x20 build/default/production/_ext/1360937237/main.o
 .debug_aranges
                0x000002b0       0x20 c:/program files/microchip/xc32/v3.01/bin/bin/../../lib/gcc/pic32c/8.3.1/../../../../pic32c/lib/thumb/v7e-m+dp/hard\libpic32c.a(data_init.o)
 .debug_aranges
                0x000002d0       0x20 c:/program files/microchip/xc32/v3.01/bin/bin/../../lib/gcc/pic32c/8.3.1/../../../../pic32c/lib/thumb/v7e-m+dp/hard\libpic32c.a(_close.o)
 .debug_aranges
                0x000002f0       0x20 c:/program files/microchip/xc32/v3.01/bin/bin/../../lib/gcc/pic32c/8.3.1/../../../../pic32c/lib/thumb/v7e-m+dp/hard\libpic32c.a(_fstat.o)
 .debug_aranges
                0x00000310       0x20 c:/program files/microchip/xc32/v3.01/bin/bin/../../lib/gcc/pic32c/8.3.1/../../../../pic32c/lib/thumb/v7e-m+dp/hard\libpic32c.a(_isatty.o)
 .debug_aranges
                0x00000330       0x20 c:/program files/microchip/xc32/v3.01/bin/bin/../../lib/gcc/pic32c/8.3.1/../../../../pic32c/lib/thumb/v7e-m+dp/hard\libpic32c.a(_lseek.o)
 .debug_aranges
                0x00000350       0x20 c:/program files/microchip/xc32/v3.01/bin/bin/../../lib/gcc/pic32c/8.3.1/../../../../pic32c/lib/thumb/v7e-m+dp/hard\libpic32c.a(_read.o)
 .debug_aranges
                0x00000370       0x20 c:/program files/microchip/xc32/v3.01/bin/bin/../../lib/gcc/pic32c/8.3.1/../../../../pic32c/lib/thumb/v7e-m+dp/hard\libpic32c.a(sbrk.o)
 .debug_aranges
                0x00000390       0x20 c:/program files/microchip/xc32/v3.01/bin/bin/../../lib/gcc/pic32c/8.3.1/../../../../pic32c/lib/thumb/v7e-m+dp/hard\libpic32c.a(_write.o)
 .debug_aranges
                0x000003b0       0x20 c:/program files/microchip/xc32/v3.01/bin/bin/../../lib/gcc/pic32c/8.3.1/../../../../pic32c/lib/thumb/v7e-m+dp/hard\libpic32c.a(close.o)
 .debug_aranges
                0x000003d0       0x20 c:/program files/microchip/xc32/v3.01/bin/bin/../../lib/gcc/pic32c/8.3.1/../../../../pic32c/lib/thumb/v7e-m+dp/hard\libpic32c.a(fstat.o)
 .debug_aranges
                0x000003f0       0x20 c:/program files/microchip/xc32/v3.01/bin/bin/../../lib/gcc/pic32c/8.3.1/../../../../pic32c/lib/thumb/v7e-m+dp/hard\libpic32c.a(isatty.o)
 .debug_aranges
                0x00000410       0x20 c:/program files/microchip/xc32/v3.01/bin/bin/../../lib/gcc/pic32c/8.3.1/../../../../pic32c/lib/thumb/v7e-m+dp/hard\libpic32c.a(lseek.o)
 .debug_aranges
                0x00000430       0x20 c:/program files/microchip/xc32/v3.01/bin/bin/../../lib/gcc/pic32c/8.3.1/../../../../pic32c/lib/thumb/v7e-m+dp/hard\libpic32c.a(read.o)
 .debug_aranges
                0x00000450       0x20 c:/program files/microchip/xc32/v3.01/bin/bin/../../lib/gcc/pic32c/8.3.1/../../../../pic32c/lib/thumb/v7e-m+dp/hard\libpic32c.a(write.o)

.debug_ranges   0x00000000      0x348
 .debug_ranges  0x00000000       0x10 build/default/production/_ext/1434821282/bsp.o
 .debug_ranges  0x00000010       0x10 build/default/production/_ext/60165520/plib_clk.o
 .debug_ranges  0x00000020       0x90 build/default/production/_ext/60167248/plib_efc.o
 .debug_ranges  0x000000b0       0x28 build/default/production/_ext/1865468468/plib_nvic.o
 .debug_ranges  0x000000d8       0x50 build/default/production/_ext/60177924/plib_pio.o
 .debug_ranges  0x00000128       0x60 build/default/production/_ext/2001315827/plib_usart1.o
 .debug_ranges  0x00000188       0x18 build/default/production/_ext/163028504/xc32_monitor.o
 .debug_ranges  0x000001a0       0x10 build/default/production/_ext/1171490990/initialization.o
 .debug_ranges  0x000001b0       0x10 build/default/production/_ext/1171490990/interrupts.o
 .debug_ranges  0x000001c0       0x38 build/default/production/_ext/1171490990/exceptions.o
 .debug_ranges  0x000001f8       0x48 build/default/production/_ext/1171490990/startup_xc32.o
 .debug_ranges  0x00000240       0x28 build/default/production/_ext/1360937237/main.o
 .debug_ranges  0x00000268       0x10 c:/program files/microchip/xc32/v3.01/bin/bin/../../lib/gcc/pic32c/8.3.1/../../../../pic32c/lib/thumb/v7e-m+dp/hard\libpic32c.a(data_init.o)
 .debug_ranges  0x00000278       0x10 c:/program files/microchip/xc32/v3.01/bin/bin/../../lib/gcc/pic32c/8.3.1/../../../../pic32c/lib/thumb/v7e-m+dp/hard\libpic32c.a(_close.o)
 .debug_ranges  0x00000288       0x10 c:/program files/microchip/xc32/v3.01/bin/bin/../../lib/gcc/pic32c/8.3.1/../../../../pic32c/lib/thumb/v7e-m+dp/hard\libpic32c.a(_fstat.o)
 .debug_ranges  0x00000298       0x10 c:/program files/microchip/xc32/v3.01/bin/bin/../../lib/gcc/pic32c/8.3.1/../../../../pic32c/lib/thumb/v7e-m+dp/hard\libpic32c.a(_isatty.o)
 .debug_ranges  0x000002a8       0x10 c:/program files/microchip/xc32/v3.01/bin/bin/../../lib/gcc/pic32c/8.3.1/../../../../pic32c/lib/thumb/v7e-m+dp/hard\libpic32c.a(_lseek.o)
 .debug_ranges  0x000002b8       0x10 c:/program files/microchip/xc32/v3.01/bin/bin/../../lib/gcc/pic32c/8.3.1/../../../../pic32c/lib/thumb/v7e-m+dp/hard\libpic32c.a(_read.o)
 .debug_ranges  0x000002c8       0x10 c:/program files/microchip/xc32/v3.01/bin/bin/../../lib/gcc/pic32c/8.3.1/../../../../pic32c/lib/thumb/v7e-m+dp/hard\libpic32c.a(sbrk.o)
 .debug_ranges  0x000002d8       0x10 c:/program files/microchip/xc32/v3.01/bin/bin/../../lib/gcc/pic32c/8.3.1/../../../../pic32c/lib/thumb/v7e-m+dp/hard\libpic32c.a(_write.o)
 .debug_ranges  0x000002e8       0x10 c:/program files/microchip/xc32/v3.01/bin/bin/../../lib/gcc/pic32c/8.3.1/../../../../pic32c/lib/thumb/v7e-m+dp/hard\libpic32c.a(close.o)
 .debug_ranges  0x000002f8       0x10 c:/program files/microchip/xc32/v3.01/bin/bin/../../lib/gcc/pic32c/8.3.1/../../../../pic32c/lib/thumb/v7e-m+dp/hard\libpic32c.a(fstat.o)
 .debug_ranges  0x00000308       0x10 c:/program files/microchip/xc32/v3.01/bin/bin/../../lib/gcc/pic32c/8.3.1/../../../../pic32c/lib/thumb/v7e-m+dp/hard\libpic32c.a(isatty.o)
 .debug_ranges  0x00000318       0x10 c:/program files/microchip/xc32/v3.01/bin/bin/../../lib/gcc/pic32c/8.3.1/../../../../pic32c/lib/thumb/v7e-m+dp/hard\libpic32c.a(lseek.o)
 .debug_ranges  0x00000328       0x10 c:/program files/microchip/xc32/v3.01/bin/bin/../../lib/gcc/pic32c/8.3.1/../../../../pic32c/lib/thumb/v7e-m+dp/hard\libpic32c.a(read.o)
 .debug_ranges  0x00000338       0x10 c:/program files/microchip/xc32/v3.01/bin/bin/../../lib/gcc/pic32c/8.3.1/../../../../pic32c/lib/thumb/v7e-m+dp/hard\libpic32c.a(write.o)

.debug_line     0x00000000     0x2ee4
 .debug_line    0x00000000      0x207 build/default/production/_ext/1434821282/bsp.o
 .debug_line    0x00000207      0x1fb build/default/production/_ext/60165520/plib_clk.o
 .debug_line    0x00000402      0x495 build/default/production/_ext/60167248/plib_efc.o
 .debug_line    0x00000897      0x29a build/default/production/_ext/1865468468/plib_nvic.o
 .debug_line    0x00000b31      0x419 build/default/production/_ext/60177924/plib_pio.o
 .debug_line    0x00000f4a      0x4d4 build/default/production/_ext/2001315827/plib_usart1.o
 .debug_line    0x0000141e      0x264 build/default/production/_ext/163028504/xc32_monitor.o
 .debug_line    0x00001682      0x383 build/default/production/_ext/1171490990/initialization.o
 .debug_line    0x00001a05      0x1e9 build/default/production/_ext/1171490990/interrupts.o
 .debug_line    0x00001bee      0x242 build/default/production/_ext/1171490990/exceptions.o
 .debug_line    0x00001e30      0x4b3 build/default/production/_ext/1171490990/startup_xc32.o
 .debug_line    0x000022e3      0x213 build/default/production/_ext/1360937237/main.o
 .debug_line    0x000024f6      0x110 c:/program files/microchip/xc32/v3.01/bin/bin/../../lib/gcc/pic32c/8.3.1/../../../../pic32c/lib/thumb/v7e-m+dp/hard\libpic32c.a(data_init.o)
 .debug_line    0x00002606       0x9f c:/program files/microchip/xc32/v3.01/bin/bin/../../lib/gcc/pic32c/8.3.1/../../../../pic32c/lib/thumb/v7e-m+dp/hard\libpic32c.a(_close.o)
 .debug_line    0x000026a5       0x9f c:/program files/microchip/xc32/v3.01/bin/bin/../../lib/gcc/pic32c/8.3.1/../../../../pic32c/lib/thumb/v7e-m+dp/hard\libpic32c.a(_fstat.o)
 .debug_line    0x00002744       0xa0 c:/program files/microchip/xc32/v3.01/bin/bin/../../lib/gcc/pic32c/8.3.1/../../../../pic32c/lib/thumb/v7e-m+dp/hard\libpic32c.a(_isatty.o)
 .debug_line    0x000027e4       0x9f c:/program files/microchip/xc32/v3.01/bin/bin/../../lib/gcc/pic32c/8.3.1/../../../../pic32c/lib/thumb/v7e-m+dp/hard\libpic32c.a(_lseek.o)
 .debug_line    0x00002883       0x9e c:/program files/microchip/xc32/v3.01/bin/bin/../../lib/gcc/pic32c/8.3.1/../../../../pic32c/lib/thumb/v7e-m+dp/hard\libpic32c.a(_read.o)
 .debug_line    0x00002921       0xb5 c:/program files/microchip/xc32/v3.01/bin/bin/../../lib/gcc/pic32c/8.3.1/../../../../pic32c/lib/thumb/v7e-m+dp/hard\libpic32c.a(sbrk.o)
 .debug_line    0x000029d6       0x9f c:/program files/microchip/xc32/v3.01/bin/bin/../../lib/gcc/pic32c/8.3.1/../../../../pic32c/lib/thumb/v7e-m+dp/hard\libpic32c.a(_write.o)
 .debug_line    0x00002a75       0x9e c:/program files/microchip/xc32/v3.01/bin/bin/../../lib/gcc/pic32c/8.3.1/../../../../pic32c/lib/thumb/v7e-m+dp/hard\libpic32c.a(close.o)
 .debug_line    0x00002b13      0x106 c:/program files/microchip/xc32/v3.01/bin/bin/../../lib/gcc/pic32c/8.3.1/../../../../pic32c/lib/thumb/v7e-m+dp/hard\libpic32c.a(fstat.o)
 .debug_line    0x00002c19       0x9d c:/program files/microchip/xc32/v3.01/bin/bin/../../lib/gcc/pic32c/8.3.1/../../../../pic32c/lib/thumb/v7e-m+dp/hard\libpic32c.a(isatty.o)
 .debug_line    0x00002cb6       0x9e c:/program files/microchip/xc32/v3.01/bin/bin/../../lib/gcc/pic32c/8.3.1/../../../../pic32c/lib/thumb/v7e-m+dp/hard\libpic32c.a(lseek.o)
 .debug_line    0x00002d54       0xc0 c:/program files/microchip/xc32/v3.01/bin/bin/../../lib/gcc/pic32c/8.3.1/../../../../pic32c/lib/thumb/v7e-m+dp/hard\libpic32c.a(read.o)
 .debug_line    0x00002e14       0xd0 c:/program files/microchip/xc32/v3.01/bin/bin/../../lib/gcc/pic32c/8.3.1/../../../../pic32c/lib/thumb/v7e-m+dp/hard\libpic32c.a(write.o)

.debug_str      0x00000000      0x195
 .debug_str     0x00000000        0xe build/default/production/_ext/1434821282/bsp.o
 .debug_str     0x0000000e        0x0 build/default/production/_ext/60165520/plib_clk.o
 .debug_str     0x0000000e       0x22 build/default/production/_ext/60167248/plib_efc.o
 .debug_str     0x00000030        0x0 build/default/production/_ext/1865468468/plib_nvic.o
 .debug_str     0x00000030       0x46 build/default/production/_ext/60177924/plib_pio.o
 .debug_str     0x00000076       0x15 build/default/production/_ext/2001315827/plib_usart1.o
 .debug_str     0x0000008b       0x27 build/default/production/_ext/163028504/xc32_monitor.o
 .debug_str     0x000000b2       0x6e build/default/production/_ext/1171490990/initialization.o
 .debug_str     0x00000120        0xe build/default/production/_ext/1171490990/interrupts.o
 .debug_str     0x0000012e        0xe build/default/production/_ext/1171490990/exceptions.o
 .debug_str     0x0000013c       0x2f build/default/production/_ext/1171490990/startup_xc32.o
 .debug_str     0x0000016b       0x2a build/default/production/_ext/1360937237/main.o
 .debug_str     0x00000195        0x0 c:/program files/microchip/xc32/v3.01/bin/bin/../../lib/gcc/pic32c/8.3.1/../../../../pic32c/lib/thumb/v7e-m+dp/hard\libpic32c.a(data_init.o)
 .debug_str     0x00000195        0x0 c:/program files/microchip/xc32/v3.01/bin/bin/../../lib/gcc/pic32c/8.3.1/../../../../pic32c/lib/thumb/v7e-m+dp/hard\libpic32c.a(_close.o)
 .debug_str     0x00000195        0x0 c:/program files/microchip/xc32/v3.01/bin/bin/../../lib/gcc/pic32c/8.3.1/../../../../pic32c/lib/thumb/v7e-m+dp/hard\libpic32c.a(_fstat.o)
 .debug_str     0x00000195        0x0 c:/program files/microchip/xc32/v3.01/bin/bin/../../lib/gcc/pic32c/8.3.1/../../../../pic32c/lib/thumb/v7e-m+dp/hard\libpic32c.a(_isatty.o)
 .debug_str     0x00000195        0x0 c:/program files/microchip/xc32/v3.01/bin/bin/../../lib/gcc/pic32c/8.3.1/../../../../pic32c/lib/thumb/v7e-m+dp/hard\libpic32c.a(_lseek.o)
 .debug_str     0x00000195        0x0 c:/program files/microchip/xc32/v3.01/bin/bin/../../lib/gcc/pic32c/8.3.1/../../../../pic32c/lib/thumb/v7e-m+dp/hard\libpic32c.a(_read.o)
 .debug_str     0x00000195        0x0 c:/program files/microchip/xc32/v3.01/bin/bin/../../lib/gcc/pic32c/8.3.1/../../../../pic32c/lib/thumb/v7e-m+dp/hard\libpic32c.a(sbrk.o)
 .debug_str     0x00000195        0x0 c:/program files/microchip/xc32/v3.01/bin/bin/../../lib/gcc/pic32c/8.3.1/../../../../pic32c/lib/thumb/v7e-m+dp/hard\libpic32c.a(_write.o)
 .debug_str     0x00000195        0x0 c:/program files/microchip/xc32/v3.01/bin/bin/../../lib/gcc/pic32c/8.3.1/../../../../pic32c/lib/thumb/v7e-m+dp/hard\libpic32c.a(close.o)
 .debug_str     0x00000195        0x0 c:/program files/microchip/xc32/v3.01/bin/bin/../../lib/gcc/pic32c/8.3.1/../../../../pic32c/lib/thumb/v7e-m+dp/hard\libpic32c.a(fstat.o)
 .debug_str     0x00000195        0x0 c:/program files/microchip/xc32/v3.01/bin/bin/../../lib/gcc/pic32c/8.3.1/../../../../pic32c/lib/thumb/v7e-m+dp/hard\libpic32c.a(isatty.o)
 .debug_str     0x00000195        0x0 c:/program files/microchip/xc32/v3.01/bin/bin/../../lib/gcc/pic32c/8.3.1/../../../../pic32c/lib/thumb/v7e-m+dp/hard\libpic32c.a(lseek.o)
 .debug_str     0x00000195        0x0 c:/program files/microchip/xc32/v3.01/bin/bin/../../lib/gcc/pic32c/8.3.1/../../../../pic32c/lib/thumb/v7e-m+dp/hard\libpic32c.a(read.o)
 .debug_str     0x00000195        0x0 c:/program files/microchip/xc32/v3.01/bin/bin/../../lib/gcc/pic32c/8.3.1/../../../../pic32c/lib/thumb/v7e-m+dp/hard\libpic32c.a(write.o)

.debug_frame    0x00000000      0x694
 .debug_frame   0x00000000       0x20 build/default/production/_ext/1434821282/bsp.o
 .debug_frame   0x00000020       0x20 build/default/production/_ext/60165520/plib_clk.o
 .debug_frame   0x00000040       0xec build/default/production/_ext/60167248/plib_efc.o
 .debug_frame   0x0000012c       0x50 build/default/production/_ext/1865468468/plib_nvic.o
 .debug_frame   0x0000017c       0xac build/default/production/_ext/60177924/plib_pio.o
 .debug_frame   0x00000228      0x104 build/default/production/_ext/2001315827/plib_usart1.o
 .debug_frame   0x0000032c       0x50 build/default/production/_ext/163028504/xc32_monitor.o
 .debug_frame   0x0000037c       0x28 build/default/production/_ext/1171490990/initialization.o
 .debug_frame   0x000003a4       0x20 build/default/production/_ext/1171490990/interrupts.o
 .debug_frame   0x000003c4       0x70 build/default/production/_ext/1171490990/exceptions.o
 .debug_frame   0x00000434       0x38 build/default/production/_ext/1171490990/startup_xc32.o
 .debug_frame   0x0000046c       0x38 build/default/production/_ext/1360937237/main.o
 .debug_frame   0x000004a4       0x38 c:/program files/microchip/xc32/v3.01/bin/bin/../../lib/gcc/pic32c/8.3.1/../../../../pic32c/lib/thumb/v7e-m+dp/hard\libpic32c.a(data_init.o)
 .debug_frame   0x000004dc       0x20 c:/program files/microchip/xc32/v3.01/bin/bin/../../lib/gcc/pic32c/8.3.1/../../../../pic32c/lib/thumb/v7e-m+dp/hard\libpic32c.a(_close.o)
 .debug_frame   0x000004fc       0x20 c:/program files/microchip/xc32/v3.01/bin/bin/../../lib/gcc/pic32c/8.3.1/../../../../pic32c/lib/thumb/v7e-m+dp/hard\libpic32c.a(_fstat.o)
 .debug_frame   0x0000051c       0x20 c:/program files/microchip/xc32/v3.01/bin/bin/../../lib/gcc/pic32c/8.3.1/../../../../pic32c/lib/thumb/v7e-m+dp/hard\libpic32c.a(_isatty.o)
 .debug_frame   0x0000053c       0x20 c:/program files/microchip/xc32/v3.01/bin/bin/../../lib/gcc/pic32c/8.3.1/../../../../pic32c/lib/thumb/v7e-m+dp/hard\libpic32c.a(_lseek.o)
 .debug_frame   0x0000055c       0x20 c:/program files/microchip/xc32/v3.01/bin/bin/../../lib/gcc/pic32c/8.3.1/../../../../pic32c/lib/thumb/v7e-m+dp/hard\libpic32c.a(_read.o)
 .debug_frame   0x0000057c       0x20 c:/program files/microchip/xc32/v3.01/bin/bin/../../lib/gcc/pic32c/8.3.1/../../../../pic32c/lib/thumb/v7e-m+dp/hard\libpic32c.a(sbrk.o)
 .debug_frame   0x0000059c       0x20 c:/program files/microchip/xc32/v3.01/bin/bin/../../lib/gcc/pic32c/8.3.1/../../../../pic32c/lib/thumb/v7e-m+dp/hard\libpic32c.a(_write.o)
 .debug_frame   0x000005bc       0x20 c:/program files/microchip/xc32/v3.01/bin/bin/../../lib/gcc/pic32c/8.3.1/../../../../pic32c/lib/thumb/v7e-m+dp/hard\libpic32c.a(close.o)
 .debug_frame   0x000005dc       0x20 c:/program files/microchip/xc32/v3.01/bin/bin/../../lib/gcc/pic32c/8.3.1/../../../../pic32c/lib/thumb/v7e-m+dp/hard\libpic32c.a(fstat.o)
 .debug_frame   0x000005fc       0x20 c:/program files/microchip/xc32/v3.01/bin/bin/../../lib/gcc/pic32c/8.3.1/../../../../pic32c/lib/thumb/v7e-m+dp/hard\libpic32c.a(isatty.o)
 .debug_frame   0x0000061c       0x20 c:/program files/microchip/xc32/v3.01/bin/bin/../../lib/gcc/pic32c/8.3.1/../../../../pic32c/lib/thumb/v7e-m+dp/hard\libpic32c.a(lseek.o)
 .debug_frame   0x0000063c       0x2c c:/program files/microchip/xc32/v3.01/bin/bin/../../lib/gcc/pic32c/8.3.1/../../../../pic32c/lib/thumb/v7e-m+dp/hard\libpic32c.a(read.o)
 .debug_frame   0x00000668       0x2c c:/program files/microchip/xc32/v3.01/bin/bin/../../lib/gcc/pic32c/8.3.1/../../../../pic32c/lib/thumb/v7e-m+dp/hard\libpic32c.a(write.o)

.debug_loc      0x00000000     0x10b2
 .debug_loc     0x00000000      0x611 build/default/production/_ext/60167248/plib_efc.o
 .debug_loc     0x00000611       0x73 build/default/production/_ext/1865468468/plib_nvic.o
 .debug_loc     0x00000684       0xc0 build/default/production/_ext/60177924/plib_pio.o
 .debug_loc     0x00000744      0x6f6 build/default/production/_ext/2001315827/plib_usart1.o
 .debug_loc     0x00000e3a       0xf0 build/default/production/_ext/163028504/xc32_monitor.o
 .debug_loc     0x00000f2a       0x45 build/default/production/_ext/1171490990/initialization.o
 .debug_loc     0x00000f6f       0xa7 build/default/production/_ext/1171490990/startup_xc32.o
 .debug_loc     0x00001016       0x60 build/default/production/_ext/1360937237/main.o
 .debug_loc     0x00001076       0x14 c:/program files/microchip/xc32/v3.01/bin/bin/../../lib/gcc/pic32c/8.3.1/../../../../pic32c/lib/thumb/v7e-m+dp/hard\libpic32c.a(data_init.o)
 .debug_loc     0x0000108a       0x14 c:/program files/microchip/xc32/v3.01/bin/bin/../../lib/gcc/pic32c/8.3.1/../../../../pic32c/lib/thumb/v7e-m+dp/hard\libpic32c.a(read.o)
 .debug_loc     0x0000109e       0x14 c:/program files/microchip/xc32/v3.01/bin/bin/../../lib/gcc/pic32c/8.3.1/../../../../pic32c/lib/thumb/v7e-m+dp/hard\libpic32c.a(write.o)

.stack          0x20400480      0x100
 .stack         0x20400480      0x100 stack

.data.__global_locale%1
                0x20400004      0x16c
 .data.__global_locale
                0x20400004      0x16c c:/program files/microchip/xc32/v3.01/bin/bin/../../lib/gcc/pic32c/8.3.1/../../../../pic32c/lib/thumb/v7e-m+dp/hard\libc_nano.a(lib_a-locale.o)
                0x20400004                __global_locale

.data.impure_data%2
                0x20400170       0x60
 .data.impure_data
                0x20400170       0x60 c:/program files/microchip/xc32/v3.01/bin/bin/../../lib/gcc/pic32c/8.3.1/../../../../pic32c/lib/thumb/v7e-m+dp/hard\libc_nano.a(lib_a-impure.o)

.bss.__sf_fake_stderr%3
                0x204001d0       0x20
 .bss.__sf_fake_stderr
                0x204001d0       0x20 c:/program files/microchip/xc32/v3.01/bin/bin/../../lib/gcc/pic32c/8.3.1/../../../../pic32c/lib/thumb/v7e-m+dp/hard\libc_nano.a(lib_a-findfp.o)
                0x204001d0                __sf_fake_stderr

.bss.__sf_fake_stdin%4
                0x204001f0       0x20
 .bss.__sf_fake_stdin
                0x204001f0       0x20 c:/program files/microchip/xc32/v3.01/bin/bin/../../lib/gcc/pic32c/8.3.1/../../../../pic32c/lib/thumb/v7e-m+dp/hard\libc_nano.a(lib_a-findfp.o)
                0x204001f0                __sf_fake_stdin

.bss.__sf_fake_stdout%5
                0x20400210       0x20
 .bss.__sf_fake_stdout
                0x20400210       0x20 c:/program files/microchip/xc32/v3.01/bin/bin/../../lib/gcc/pic32c/8.3.1/../../../../pic32c/lib/thumb/v7e-m+dp/hard\libc_nano.a(lib_a-findfp.o)
                0x20400210                __sf_fake_stdout

.bss%6          0x20400230       0x1c
 .bss           0x20400230       0x1c c:/program files/microchip/xc32/v3.01/bin/bin/../../lib/gcc/pic32c/8.3.1/thumb/v7e-m+dp/hard/crtbegin.o

.bss.cmd.7933%7
                0x2040024c        0x4
 .bss.cmd.7933  0x2040024c        0x4 build/default/production/_ext/1171490990/startup_xc32.o

.bss%8          0x20400250        0x4
 .bss           0x20400250        0x4 c:/program files/microchip/xc32/v3.01/bin/bin/../../lib/gcc/pic32c/8.3.1/../../../../pic32c/lib/thumb/v7e-m+dp/hard\libpic32c.a(data_init.o)

.data._impure_ptr%9
                0x20400254        0x4
 .data._impure_ptr
                0x20400254        0x4 c:/program files/microchip/xc32/v3.01/bin/bin/../../lib/gcc/pic32c/8.3.1/../../../../pic32c/lib/thumb/v7e-m+dp/hard\libc_nano.a(lib_a-impure.o)
                0x20400254                _impure_ptr

.bss.__malloc_free_list%10
                0x20400258        0x4
 .bss.__malloc_free_list
                0x20400258        0x4 c:/program files/microchip/xc32/v3.01/bin/bin/../../lib/gcc/pic32c/8.3.1/../../../../pic32c/lib/thumb/v7e-m+dp/hard\libc_nano.a(lib_a-nano-mallocr.o)
                0x20400258                __malloc_free_list

.bss.__malloc_sbrk_start%11
                0x2040025c        0x4
 .bss.__malloc_sbrk_start
                0x2040025c        0x4 c:/program files/microchip/xc32/v3.01/bin/bin/../../lib/gcc/pic32c/8.3.1/../../../../pic32c/lib/thumb/v7e-m+dp/hard\libc_nano.a(lib_a-nano-mallocr.o)
                0x2040025c                __malloc_sbrk_start

.bss%12         0x20400260        0x4
 .bss           0x20400260        0x4 c:/program files/microchip/xc32/v3.01/bin/bin/../../lib/gcc/pic32c/8.3.1/../../../../pic32c/lib/thumb/v7e-m+dp/hard\libpic32c.a(sbrk.o)

.eh_frame%z1    0x00000000        0x0
 .eh_frame      0x00000000        0x0 c:/program files/microchip/xc32/v3.01/bin/bin/../../lib/gcc/pic32c/8.3.1/thumb/v7e-m+dp/hard/crtbegin.o

.text._dtoa_r%13
                0x00400188      0xa68
 .text._dtoa_r  0x00400188      0xa68 c:/program files/microchip/xc32/v3.01/bin/bin/../../lib/gcc/pic32c/8.3.1/../../../../pic32c/lib/thumb/v7e-m+dp/hard\libc_nano.a(lib_a-dtoa.o)
                0x00400188                _dtoa_r

.text._printf_float%14
                0x00400bf0      0x518
 .text._printf_float
                0x00400bf0      0x518 c:/program files/microchip/xc32/v3.01/bin/bin/../../lib/gcc/pic32c/8.3.1/../../../../pic32c/lib/thumb/v7e-m+dp/hard\libc_nano.a(lib_a-nano-vfprintf_float.o)
                0x00400bf0                _printf_float

.dinit%15       0x00401108      0x280
 .dinit         0x00401108      0x280 data_init

.text._printf_i%16
                0x00401388      0x228
 .text._printf_i
                0x00401388      0x228 c:/program files/microchip/xc32/v3.01/bin/bin/../../lib/gcc/pic32c/8.3.1/../../../../pic32c/lib/thumb/v7e-m+dp/hard\libc_nano.a(lib_a-nano-vfprintf_i.o)
                0x00401388                _printf_i

.text._vfprintf_r%17
                0x004015b0      0x1f8
 .text._vfprintf_r
                0x004015b0      0x1f8 c:/program files/microchip/xc32/v3.01/bin/bin/../../lib/gcc/pic32c/8.3.1/../../../../pic32c/lib/thumb/v7e-m+dp/hard\libc_nano.a(lib_a-nano-vfprintf.o)
                0x004015b0                _vfprintf_r
                0x004015b0                _vfiprintf_r

.text.Reset_Handler%18
                0x004017a8      0x178
 .text.Reset_Handler
                0x004017a8      0x178 build/default/production/_ext/1171490990/startup_xc32.o
                0x004017a8                Reset_Handler

.text.setvbuf%19
                0x00401920      0x158
 .text.setvbuf  0x00401920      0x158 c:/program files/microchip/xc32/v3.01/bin/bin/../../lib/gcc/pic32c/8.3.1/../../../../pic32c/lib/thumb/v7e-m+dp/hard\libc_nano.a(lib_a-setvbuf.o)
                0x00401920                setvbuf

.text.__multiply%20
                0x00401a78      0x130
 .text.__multiply
                0x00401a78      0x130 c:/program files/microchip/xc32/v3.01/bin/bin/../../lib/gcc/pic32c/8.3.1/../../../../pic32c/lib/thumb/v7e-m+dp/hard\libc_nano.a(lib_a-mprec.o)
                0x00401a78                __multiply

.text.quorem%21
                0x00401ba8      0x12e
 .text.quorem   0x00401ba8      0x12e c:/program files/microchip/xc32/v3.01/bin/bin/../../lib/gcc/pic32c/8.3.1/../../../../pic32c/lib/thumb/v7e-m+dp/hard\libc_nano.a(lib_a-dtoa.o)

.text.__sflush_r%22
                0x00401cd8      0x10c
 .text.__sflush_r
                0x00401cd8      0x10c c:/program files/microchip/xc32/v3.01/bin/bin/../../lib/gcc/pic32c/8.3.1/../../../../pic32c/lib/thumb/v7e-m+dp/hard\libc_nano.a(lib_a-fflush.o)
                0x00401cd8                __sflush_r

.rodata._ctype_%23
                0x00401de4      0x101
 .rodata._ctype_
                0x00401de4      0x101 c:/program files/microchip/xc32/v3.01/bin/bin/../../lib/gcc/pic32c/8.3.1/../../../../pic32c/lib/thumb/v7e-m+dp/hard\libc_nano.a(lib_a-ctype_.o)
                0x00401de4                _ctype_

.text.PIO_Initialize%24
                0x00401ee8       0xf0
 .text.PIO_Initialize
                0x00401ee8       0xf0 build/default/production/_ext/60177924/plib_pio.o
                0x00401ee8                PIO_Initialize

.text._printf_common%25
                0x00401fd8       0xea
 .text._printf_common
                0x00401fd8       0xea c:/program files/microchip/xc32/v3.01/bin/bin/../../lib/gcc/pic32c/8.3.1/../../../../pic32c/lib/thumb/v7e-m+dp/hard\libc_nano.a(lib_a-nano-vfprintf_i.o)
                0x00401fd8                _printf_common

.text.__swsetup_r%26
                0x004020c4       0xdc
 .text.__swsetup_r
                0x004020c4       0xdc c:/program files/microchip/xc32/v3.01/bin/bin/../../lib/gcc/pic32c/8.3.1/../../../../pic32c/lib/thumb/v7e-m+dp/hard\libc_nano.a(lib_a-wsetup.o)
                0x004020c4                __swsetup_r

.text.__mdiff%27
                0x004021a0       0xc8
 .text.__mdiff  0x004021a0       0xc8 c:/program files/microchip/xc32/v3.01/bin/bin/../../lib/gcc/pic32c/8.3.1/../../../../pic32c/lib/thumb/v7e-m+dp/hard\libc_nano.a(lib_a-mprec.o)
                0x004021a0                __mdiff

.rodata.__mprec_tens%28
                0x00402268       0xc8
 .rodata.__mprec_tens
                0x00402268       0xc8 c:/program files/microchip/xc32/v3.01/bin/bin/../../lib/gcc/pic32c/8.3.1/../../../../pic32c/lib/thumb/v7e-m+dp/hard\libc_nano.a(lib_a-mprec.o)
                0x00402268                __mprec_tens

.text.__swbuf_r%29
                0x00402330       0xbc
 .text.__swbuf_r
                0x00402330       0xbc c:/program files/microchip/xc32/v3.01/bin/bin/../../lib/gcc/pic32c/8.3.1/../../../../pic32c/lib/thumb/v7e-m+dp/hard\libc_nano.a(lib_a-wbuf.o)
                0x00402330                __swbuf_r

.text._malloc_r%30
                0x004023ec       0xb4
 .text._malloc_r
                0x004023ec       0xb4 c:/program files/microchip/xc32/v3.01/bin/bin/../../lib/gcc/pic32c/8.3.1/../../../../pic32c/lib/thumb/v7e-m+dp/hard\libc_nano.a(lib_a-nano-mallocr.o)
                0x004023ec                _malloc_r

.text.__lshift%31
                0x004024a0       0xa6
 .text.__lshift
                0x004024a0       0xa6 c:/program files/microchip/xc32/v3.01/bin/bin/../../lib/gcc/pic32c/8.3.1/../../../../pic32c/lib/thumb/v7e-m+dp/hard\libc_nano.a(lib_a-mprec.o)
                0x004024a0                __lshift

.text%32        0x00402550       0xa0
 .text          0x00402550       0xa0 c:/program files/microchip/xc32/v3.01/bin/bin/../../lib/gcc/pic32c/8.3.1/../../../../pic32c/lib/thumb/v7e-m+dp/hard\libc_nano.a(lib_a-memchr.o)
                0x00402550                memchr

.text.__d2b%33  0x004025f0       0x9e
 .text.__d2b    0x004025f0       0x9e c:/program files/microchip/xc32/v3.01/bin/bin/../../lib/gcc/pic32c/8.3.1/../../../../pic32c/lib/thumb/v7e-m+dp/hard\libc_nano.a(lib_a-mprec.o)
                0x004025f0                __d2b

.text._free_r%34
                0x00402690       0x9c
 .text._free_r  0x00402690       0x9c c:/program files/microchip/xc32/v3.01/bin/bin/../../lib/gcc/pic32c/8.3.1/../../../../pic32c/lib/thumb/v7e-m+dp/hard\libc_nano.a(lib_a-nano-freer.o)
                0x00402690                _free_r

.text.__pow5mult%35
                0x0040272c       0x9c
 .text.__pow5mult
                0x0040272c       0x9c c:/program files/microchip/xc32/v3.01/bin/bin/../../lib/gcc/pic32c/8.3.1/../../../../pic32c/lib/thumb/v7e-m+dp/hard\libc_nano.a(lib_a-mprec.o)
                0x0040272c                __pow5mult

.text.__smakebuf_r%36
                0x004027c8       0x8c
 .text.__smakebuf_r
                0x004027c8       0x8c c:/program files/microchip/xc32/v3.01/bin/bin/../../lib/gcc/pic32c/8.3.1/../../../../pic32c/lib/thumb/v7e-m+dp/hard\libc_nano.a(lib_a-makebuf.o)
                0x004027c8                __smakebuf_r

.text.__pic32c_data_initialization%37
                0x00402854       0x88
 .text.__pic32c_data_initialization
                0x00402854       0x88 c:/program files/microchip/xc32/v3.01/bin/bin/../../lib/gcc/pic32c/8.3.1/../../../../pic32c/lib/thumb/v7e-m+dp/hard\libpic32c.a(data_init.o)
                0x00402854                __pic32c_data_initialization

.text.__fputwc%38
                0x004028dc       0x82
 .text.__fputwc
                0x004028dc       0x82 c:/program files/microchip/xc32/v3.01/bin/bin/../../lib/gcc/pic32c/8.3.1/../../../../pic32c/lib/thumb/v7e-m+dp/hard\libc_nano.a(lib_a-fputwc.o)
                0x004028dc                __fputwc

.text.__multadd%39
                0x0040295e       0x7e
 .text.__multadd
                0x0040295e       0x7e c:/program files/microchip/xc32/v3.01/bin/bin/../../lib/gcc/pic32c/8.3.1/../../../../pic32c/lib/thumb/v7e-m+dp/hard\libc_nano.a(lib_a-mprec.o)
                0x0040295e                __multadd

.text.__sfp%40  0x004029dc       0x78
 .text.__sfp    0x004029dc       0x78 c:/program files/microchip/xc32/v3.01/bin/bin/../../lib/gcc/pic32c/8.3.1/../../../../pic32c/lib/thumb/v7e-m+dp/hard\libc_nano.a(lib_a-findfp.o)
                0x004029dc                __sfp

.text._Balloc%41
                0x00402a54       0x68
 .text._Balloc  0x00402a54       0x68 c:/program files/microchip/xc32/v3.01/bin/bin/../../lib/gcc/pic32c/8.3.1/../../../../pic32c/lib/thumb/v7e-m+dp/hard\libc_nano.a(lib_a-mprec.o)
                0x00402a54                _Balloc

.text.CLOCK_Initialize%42
                0x00402abc       0x64
 .text.CLOCK_Initialize
                0x00402abc       0x64 build/default/production/_ext/60165520/plib_clk.o
                0x00402abc                CLOCK_Initialize

.text.__sinit%43
                0x00402b20       0x60
 .text.__sinit  0x00402b20       0x60 c:/program files/microchip/xc32/v3.01/bin/bin/../../lib/gcc/pic32c/8.3.1/../../../../pic32c/lib/thumb/v7e-m+dp/hard\libc_nano.a(lib_a-findfp.o)
                0x00402b20                __sinit

.text.__lo0bits%44
                0x00402b80       0x60
 .text.__lo0bits
                0x00402b80       0x60 c:/program files/microchip/xc32/v3.01/bin/bin/../../lib/gcc/pic32c/8.3.1/../../../../pic32c/lib/thumb/v7e-m+dp/hard\libc_nano.a(lib_a-mprec.o)
                0x00402b80                __lo0bits

.text.USART1_Read%45
                0x00402be0       0x58
 .text.USART1_Read
                0x00402be0       0x58 build/default/production/_ext/2001315827/plib_usart1.o
                0x00402be0                USART1_Read

.text._fflush_r%46
                0x00402c38       0x54
 .text._fflush_r
                0x00402c38       0x54 c:/program files/microchip/xc32/v3.01/bin/bin/../../lib/gcc/pic32c/8.3.1/../../../../pic32c/lib/thumb/v7e-m+dp/hard\libc_nano.a(lib_a-fflush.o)
                0x00402c38                _fflush_r

.text.USART1_Write%47
                0x00402c8c       0x4c
 .text.USART1_Write
                0x00402c8c       0x4c build/default/production/_ext/2001315827/plib_usart1.o
                0x00402c8c                USART1_Write

.text.__ssfputs_r%48
                0x00402cd8       0x4a
 .text.__ssfputs_r
                0x00402cd8       0x4a c:/program files/microchip/xc32/v3.01/bin/bin/../../lib/gcc/pic32c/8.3.1/../../../../pic32c/lib/thumb/v7e-m+dp/hard\libc_nano.a(lib_a-__ssfputs.o)
                0x00402cd8                __ssfputs_r

.text.SYS_Initialize%49
                0x00402d24       0x48
 .text.SYS_Initialize
                0x00402d24       0x48 build/default/production/_ext/1171490990/initialization.o
                0x00402d24                SYS_Initialize

.text.main%50   0x00402d6c       0x48
 .text.main     0x00402d6c       0x48 build/default/production/_ext/1360937237/main.o
                0x00402d6c                main

.text.__libc_init_array%51
                0x00402db4       0x48
 .text.__libc_init_array
                0x00402db4       0x48 c:/program files/microchip/xc32/v3.01/bin/bin/../../lib/gcc/pic32c/8.3.1/../../../../pic32c/lib/thumb/v7e-m+dp/hard\libc_nano.a(lib_a-init.o)
                0x00402db4                __libc_init_array

.text.std%52    0x00402dfc       0x48
 .text.std      0x00402dfc       0x48 c:/program files/microchip/xc32/v3.01/bin/bin/../../lib/gcc/pic32c/8.3.1/../../../../pic32c/lib/thumb/v7e-m+dp/hard\libc_nano.a(lib_a-findfp.o)

.text.__swhatbuf_r%53
                0x00402e44       0x48
 .text.__swhatbuf_r
                0x00402e44       0x48 c:/program files/microchip/xc32/v3.01/bin/bin/../../lib/gcc/pic32c/8.3.1/../../../../pic32c/lib/thumb/v7e-m+dp/hard\libc_nano.a(lib_a-makebuf.o)
                0x00402e44                __swhatbuf_r

.text%54        0x00402e8c       0x40
 .text          0x00402e8c       0x40 c:/program files/microchip/xc32/v3.01/bin/bin/../../lib/gcc/pic32c/8.3.1/thumb/v7e-m+dp/hard/crtbegin.o

.text.__hi0bits%55
                0x00402ecc       0x40
 .text.__hi0bits
                0x00402ecc       0x40 c:/program files/microchip/xc32/v3.01/bin/bin/../../lib/gcc/pic32c/8.3.1/../../../../pic32c/lib/thumb/v7e-m+dp/hard\libc_nano.a(lib_a-mprec.o)
                0x00402ecc                __hi0bits

.text.write%56  0x00402f0c       0x40
 .text.write    0x00402f0c       0x40 c:/program files/microchip/xc32/v3.01/bin/bin/../../lib/gcc/pic32c/8.3.1/../../../../pic32c/lib/thumb/v7e-m+dp/hard\libpic32c.a(write.o)
                0x00402f0c                write

.text._fwalk_reent%57
                0x00402f4c       0x3c
 .text._fwalk_reent
                0x00402f4c       0x3c c:/program files/microchip/xc32/v3.01/bin/bin/../../lib/gcc/pic32c/8.3.1/../../../../pic32c/lib/thumb/v7e-m+dp/hard\libc_nano.a(lib_a-fwalk.o)
                0x00402f4c                _fwalk_reent

.text.__swrite%58
                0x00402f88       0x38
 .text.__swrite
                0x00402f88       0x38 c:/program files/microchip/xc32/v3.01/bin/bin/../../lib/gcc/pic32c/8.3.1/../../../../pic32c/lib/thumb/v7e-m+dp/hard\libc_nano.a(lib_a-stdio.o)
                0x00402f88                __swrite

.text.__mcmp%59
                0x00402fc0       0x34
 .text.__mcmp   0x00402fc0       0x34 c:/program files/microchip/xc32/v3.01/bin/bin/../../lib/gcc/pic32c/8.3.1/../../../../pic32c/lib/thumb/v7e-m+dp/hard\libc_nano.a(lib_a-mprec.o)
                0x00402fc0                __mcmp

.text.printf%60
                0x00402ff4       0x30
 .text.printf   0x00402ff4       0x30 c:/program files/microchip/xc32/v3.01/bin/bin/../../lib/gcc/pic32c/8.3.1/../../../../pic32c/lib/thumb/v7e-m+dp/hard\libc_nano.a(lib_a-printf.o)
                0x00402ff4                __printf_fgG
                0x00402ff4                iprintf
                0x00402ff4                printf

.text.__sfputc_r%61
                0x00403024       0x2e
 .text.__sfputc_r
                0x00403024       0x2e c:/program files/microchip/xc32/v3.01/bin/bin/../../lib/gcc/pic32c/8.3.1/../../../../pic32c/lib/thumb/v7e-m+dp/hard\libc_nano.a(lib_a-__ssfputs.o)

.text._Bfree%62
                0x00403052       0x2e
 .text._Bfree   0x00403052       0x2e c:/program files/microchip/xc32/v3.01/bin/bin/../../lib/gcc/pic32c/8.3.1/../../../../pic32c/lib/thumb/v7e-m+dp/hard\libc_nano.a(lib_a-mprec.o)
                0x00403052                _Bfree

.text.USART1_ErrorClear%63
                0x00403080       0x2c
 .text.USART1_ErrorClear
                0x00403080       0x2c build/default/production/_ext/2001315827/plib_usart1.o

.text.__sfmoreglue%64
                0x004030ac       0x2c
 .text.__sfmoreglue
                0x004030ac       0x2c c:/program files/microchip/xc32/v3.01/bin/bin/../../lib/gcc/pic32c/8.3.1/../../../../pic32c/lib/thumb/v7e-m+dp/hard\libc_nano.a(lib_a-findfp.o)
                0x004030ac                __sfmoreglue

.text._wcrtomb_r%65
                0x004030d8       0x2c
 .text._wcrtomb_r
                0x004030d8       0x2c c:/program files/microchip/xc32/v3.01/bin/bin/../../lib/gcc/pic32c/8.3.1/../../../../pic32c/lib/thumb/v7e-m+dp/hard\libc_nano.a(lib_a-wcrtomb.o)
                0x004030d8                _wcrtomb_r

.text._sbrk%66  0x00403104       0x2c
 .text._sbrk    0x00403104       0x2c c:/program files/microchip/xc32/v3.01/bin/bin/../../lib/gcc/pic32c/8.3.1/../../../../pic32c/lib/thumb/v7e-m+dp/hard\libpic32c.a(sbrk.o)
                0x00403104                _sbrk

.rodata.__mprec_bigtens%67
                0x00403130       0x28
 .rodata.__mprec_bigtens
                0x00403130       0x28 c:/program files/microchip/xc32/v3.01/bin/bin/../../lib/gcc/pic32c/8.3.1/../../../../pic32c/lib/thumb/v7e-m+dp/hard\libc_nano.a(lib_a-mprec.o)
                0x00403130                __mprec_bigtens

.text.read%68   0x00403158       0x28
 .text.read     0x00403158       0x28 c:/program files/microchip/xc32/v3.01/bin/bin/../../lib/gcc/pic32c/8.3.1/../../../../pic32c/lib/thumb/v7e-m+dp/hard\libpic32c.a(read.o)
                0x00403158                read

.text.NVIC_Initialize%69
                0x00403180       0x24
 .text.NVIC_Initialize
                0x00403180       0x24 build/default/production/_ext/1865468468/plib_nvic.o
                0x00403180                NVIC_Initialize

.text.__sseek%70
                0x004031a4       0x24
 .text.__sseek  0x004031a4       0x24 c:/program files/microchip/xc32/v3.01/bin/bin/../../lib/gcc/pic32c/8.3.1/../../../../pic32c/lib/thumb/v7e-m+dp/hard\libc_nano.a(lib_a-stdio.o)
                0x004031a4                __sseek

.text._write_r%71
                0x004031c8       0x24
 .text._write_r
                0x004031c8       0x24 c:/program files/microchip/xc32/v3.01/bin/bin/../../lib/gcc/pic32c/8.3.1/../../../../pic32c/lib/thumb/v7e-m+dp/hard\libc_nano.a(lib_a-writer.o)
                0x004031c8                _write_r

.text._fstat_r%72
                0x004031ec       0x24
 .text._fstat_r
                0x004031ec       0x24 c:/program files/microchip/xc32/v3.01/bin/bin/../../lib/gcc/pic32c/8.3.1/../../../../pic32c/lib/thumb/v7e-m+dp/hard\libc_nano.a(lib_a-fstatr.o)
                0x004031ec                _fstat_r

.text._lseek_r%73
                0x00403210       0x24
 .text._lseek_r
                0x00403210       0x24 c:/program files/microchip/xc32/v3.01/bin/bin/../../lib/gcc/pic32c/8.3.1/../../../../pic32c/lib/thumb/v7e-m+dp/hard\libc_nano.a(lib_a-lseekr.o)
                0x00403210                _lseek_r

.text.__ascii_mbtowc%74
                0x00403234       0x24
 .text.__ascii_mbtowc
                0x00403234       0x24 c:/program files/microchip/xc32/v3.01/bin/bin/../../lib/gcc/pic32c/8.3.1/../../../../pic32c/lib/thumb/v7e-m+dp/hard\libc_nano.a(lib_a-mbtowc_r.o)
                0x00403234                __ascii_mbtowc

.text._read_r%75
                0x00403258       0x24
 .text._read_r  0x00403258       0x24 c:/program files/microchip/xc32/v3.01/bin/bin/../../lib/gcc/pic32c/8.3.1/../../../../pic32c/lib/thumb/v7e-m+dp/hard\libc_nano.a(lib_a-readr.o)
                0x00403258                _read_r

.rodata%76      0x0040327c       0x22
 .rodata        0x0040327c       0x22 c:/program files/microchip/xc32/v3.01/bin/bin/../../lib/gcc/pic32c/8.3.1/../../../../pic32c/lib/thumb/v7e-m+dp/hard\libc_nano.a(lib_a-nano-vfprintf_i.o)

.text.__sread%77
                0x0040329e       0x22
 .text.__sread  0x0040329e       0x22 c:/program files/microchip/xc32/v3.01/bin/bin/../../lib/gcc/pic32c/8.3.1/../../../../pic32c/lib/thumb/v7e-m+dp/hard\libc_nano.a(lib_a-stdio.o)
                0x0040329e                __sread

.rodata%78      0x004032c0       0x20
 .rodata        0x004032c0       0x20 build/default/production/_ext/1360937237/main.o

.text._sbrk_r%79
                0x004032e0       0x20
 .text._sbrk_r  0x004032e0       0x20 c:/program files/microchip/xc32/v3.01/bin/bin/../../lib/gcc/pic32c/8.3.1/../../../../pic32c/lib/thumb/v7e-m+dp/hard\libc_nano.a(lib_a-sbrkr.o)
                0x004032e0                _sbrk_r

.text._close_r%80
                0x00403300       0x20
 .text._close_r
                0x00403300       0x20 c:/program files/microchip/xc32/v3.01/bin/bin/../../lib/gcc/pic32c/8.3.1/../../../../pic32c/lib/thumb/v7e-m+dp/hard\libc_nano.a(lib_a-closer.o)
                0x00403300                _close_r

.text._isatty_r%81
                0x00403320       0x20
 .text._isatty_r
                0x00403320       0x20 c:/program files/microchip/xc32/v3.01/bin/bin/../../lib/gcc/pic32c/8.3.1/../../../../pic32c/lib/thumb/v7e-m+dp/hard\libc_nano.a(lib_a-isattyr.o)
                0x00403320                _isatty_r

.text.USART1_Initialize%82
                0x00403340       0x1c
 .text.USART1_Initialize
                0x00403340       0x1c build/default/production/_ext/2001315827/plib_usart1.o
                0x00403340                USART1_Initialize

.text._mon_getc%83
                0x0040335c       0x1c
 .text._mon_getc
                0x0040335c       0x1c build/default/production/_ext/163028504/xc32_monitor.o
                0x0040335c                _mon_getc

.text._mon_putc%84
                0x00403378       0x1c
 .text._mon_putc
                0x00403378       0x1c build/default/production/_ext/163028504/xc32_monitor.o
                0x00403378                _mon_putc

.text.memcpy%85
                0x00403394       0x1c
 .text.memcpy   0x00403394       0x1c c:/program files/microchip/xc32/v3.01/bin/bin/../../lib/gcc/pic32c/8.3.1/../../../../pic32c/lib/thumb/v7e-m+dp/hard\libc_nano.a(lib_a-memcpy-stub.o)
                0x00403394                memcpy

.text._fputwc_r%86
                0x004033b0       0x1c
 .text._fputwc_r
                0x004033b0       0x1c c:/program files/microchip/xc32/v3.01/bin/bin/../../lib/gcc/pic32c/8.3.1/../../../../pic32c/lib/thumb/v7e-m+dp/hard\libc_nano.a(lib_a-fputwc.o)
                0x004033b0                _fputwc_r

.text._calloc_r%87
                0x004033cc       0x1c
 .text._calloc_r
                0x004033cc       0x1c c:/program files/microchip/xc32/v3.01/bin/bin/../../lib/gcc/pic32c/8.3.1/../../../../pic32c/lib/thumb/v7e-m+dp/hard\libc_nano.a(lib_a-nano-callocr.o)
                0x004033cc                _calloc_r

.text.__ascii_wctomb%88
                0x004033e8       0x1a
 .text.__ascii_wctomb
                0x004033e8       0x1a c:/program files/microchip/xc32/v3.01/bin/bin/../../lib/gcc/pic32c/8.3.1/../../../../pic32c/lib/thumb/v7e-m+dp/hard\libc_nano.a(lib_a-wctomb_r.o)
                0x004033e8                __ascii_wctomb

.text.BSP_Initialize%89
                0x00403404       0x18
 .text.BSP_Initialize
                0x00403404       0x18 build/default/production/_ext/1434821282/bsp.o
                0x00403404                BSP_Initialize

.rodata%90      0x0040341c       0x12
 .rodata        0x0040341c       0x12 c:/program files/microchip/xc32/v3.01/bin/bin/../../lib/gcc/pic32c/8.3.1/../../../../pic32c/lib/thumb/v7e-m+dp/hard\libc_nano.a(lib_a-nano-vfprintf_float.o)

.text.__i2b%91  0x0040342e       0x12
 .text.__i2b    0x0040342e       0x12 c:/program files/microchip/xc32/v3.01/bin/bin/../../lib/gcc/pic32c/8.3.1/../../../../pic32c/lib/thumb/v7e-m+dp/hard\libc_nano.a(lib_a-mprec.o)
                0x0040342e                __i2b

.rodata%92      0x00403440       0x11
 .rodata        0x00403440       0x11 c:/program files/microchip/xc32/v3.01/bin/bin/../../lib/gcc/pic32c/8.3.1/../../../../pic32c/lib/thumb/v7e-m+dp/hard\libc_nano.a(lib_a-nano-vfprintf.o)

.text.EFC_Initialize%93
                0x00403454       0x10
 .text.EFC_Initialize
                0x00403454       0x10 build/default/production/_ext/60167248/plib_efc.o
                0x00403454                EFC_Initialize

.text.setbuf%94
                0x00403464       0x10
 .text.setbuf   0x00403464       0x10 c:/program files/microchip/xc32/v3.01/bin/bin/../../lib/gcc/pic32c/8.3.1/../../../../pic32c/lib/thumb/v7e-m+dp/hard\libc_nano.a(lib_a-setbuf.o)
                0x00403464                setbuf

.text.malloc%95
                0x00403474       0x10
 .text.malloc   0x00403474       0x10 c:/program files/microchip/xc32/v3.01/bin/bin/../../lib/gcc/pic32c/8.3.1/../../../../pic32c/lib/thumb/v7e-m+dp/hard\libc_nano.a(lib_a-malloc.o)
                0x00403474                malloc

.text.memset%96
                0x00403484       0x10
 .text.memset   0x00403484       0x10 c:/program files/microchip/xc32/v3.01/bin/bin/../../lib/gcc/pic32c/8.3.1/../../../../pic32c/lib/thumb/v7e-m+dp/hard\libc_nano.a(lib_a-memset.o)
                0x00403484                memset

.text%97        0x00403494       0x10
 .text          0x00403494       0x10 c:/program files/microchip/xc32/v3.01/bin/bin/../../lib/gcc/pic32c/8.3.1/../../../../pic32c/lib/thumb/v7e-m+dp/hard\libc_nano.a(lib_a-strlen.o)
                0x00403494                strlen

.rodata%98      0x004034a4        0xf
 .rodata        0x004034a4        0xf c:/program files/microchip/xc32/v3.01/bin/bin/../../lib/gcc/pic32c/8.3.1/../../../../pic32c/lib/thumb/v7e-m+dp/hard\libc_nano.a(lib_a-dtoa.o)

.text._cleanup_r%99
                0x004034b4        0xc
 .text._cleanup_r
                0x004034b4        0xc c:/program files/microchip/xc32/v3.01/bin/bin/../../lib/gcc/pic32c/8.3.1/../../../../pic32c/lib/thumb/v7e-m+dp/hard\libc_nano.a(lib_a-findfp.o)
                0x004034b4                _cleanup_r

.text.__locale_mb_cur_max%100
                0x004034c0        0xc
 .text.__locale_mb_cur_max
                0x004034c0        0xc c:/program files/microchip/xc32/v3.01/bin/bin/../../lib/gcc/pic32c/8.3.1/../../../../pic32c/lib/thumb/v7e-m+dp/hard\libc_nano.a(lib_a-locale.o)
                0x004034c0                __locale_mb_cur_max

.rodata.p05.7453%101
                0x004034cc        0xc
 .rodata.p05.7453
                0x004034cc        0xc c:/program files/microchip/xc32/v3.01/bin/bin/../../lib/gcc/pic32c/8.3.1/../../../../pic32c/lib/thumb/v7e-m+dp/hard\libc_nano.a(lib_a-mprec.o)

.text.fstat%102
                0x004034d8        0xc
 .text.fstat    0x004034d8        0xc c:/program files/microchip/xc32/v3.01/bin/bin/../../lib/gcc/pic32c/8.3.1/../../../../pic32c/lib/thumb/v7e-m+dp/hard\libpic32c.a(fstat.o)
                0x004034d8                fstat

.rodata%103     0x004034e4        0xb
 .rodata        0x004034e4        0xb c:/program files/microchip/xc32/v3.01/bin/bin/../../lib/gcc/pic32c/8.3.1/../../../../pic32c/lib/thumb/v7e-m+dp/hard\libc_nano.a(lib_a-locale.o)

.text.__sclose%104
                0x00402546        0x8
 .text.__sclose
                0x00402546        0x8 c:/program files/microchip/xc32/v3.01/bin/bin/../../lib/gcc/pic32c/8.3.1/../../../../pic32c/lib/thumb/v7e-m+dp/hard\libc_nano.a(lib_a-stdio.o)
                0x00402546                __sclose

.text._localeconv_r%105
                0x004034f0        0x8
 .text._localeconv_r
                0x004034f0        0x8 c:/program files/microchip/xc32/v3.01/bin/bin/../../lib/gcc/pic32c/8.3.1/../../../../pic32c/lib/thumb/v7e-m+dp/hard\libc_nano.a(lib_a-localeconv.o)
                0x004034f0                _localeconv_r

.text.close%106
                0x004034f8        0x8
 .text.close    0x004034f8        0x8 c:/program files/microchip/xc32/v3.01/bin/bin/../../lib/gcc/pic32c/8.3.1/../../../../pic32c/lib/thumb/v7e-m+dp/hard\libpic32c.a(close.o)
                0x004034f8                close

.rodata._global_impure_ptr%107
                0x00403500        0x4
 .rodata._global_impure_ptr
                0x00403500        0x4 c:/program files/microchip/xc32/v3.01/bin/bin/../../lib/gcc/pic32c/8.3.1/../../../../pic32c/lib/thumb/v7e-m+dp/hard\libc_nano.a(lib_a-impure.o)
                0x00403500                _global_impure_ptr

.text._close%108
                0x00403504        0x4
 .text._close   0x00403504        0x4 c:/program files/microchip/xc32/v3.01/bin/bin/../../lib/gcc/pic32c/8.3.1/../../../../pic32c/lib/thumb/v7e-m+dp/hard\libpic32c.a(_close.o)
                0x00403504                _close

.text._fstat%109
                0x00403508        0x4
 .text._fstat   0x00403508        0x4 c:/program files/microchip/xc32/v3.01/bin/bin/../../lib/gcc/pic32c/8.3.1/../../../../pic32c/lib/thumb/v7e-m+dp/hard\libpic32c.a(_fstat.o)
                0x00403508                _fstat

.text._isatty%110
                0x0040350c        0x4
 .text._isatty  0x0040350c        0x4 c:/program files/microchip/xc32/v3.01/bin/bin/../../lib/gcc/pic32c/8.3.1/../../../../pic32c/lib/thumb/v7e-m+dp/hard\libpic32c.a(_isatty.o)
                0x0040350c                _isatty

.text._lseek%111
                0x00403510        0x4
 .text._lseek   0x00403510        0x4 c:/program files/microchip/xc32/v3.01/bin/bin/../../lib/gcc/pic32c/8.3.1/../../../../pic32c/lib/thumb/v7e-m+dp/hard\libpic32c.a(_lseek.o)
                0x00403510                _lseek

.text._read%112
                0x00403514        0x4
 .text._read    0x00403514        0x4 c:/program files/microchip/xc32/v3.01/bin/bin/../../lib/gcc/pic32c/8.3.1/../../../../pic32c/lib/thumb/v7e-m+dp/hard\libpic32c.a(_read.o)
                0x00403514                _read

.text._write%113
                0x00403518        0x4
 .text._write   0x00403518        0x4 c:/program files/microchip/xc32/v3.01/bin/bin/../../lib/gcc/pic32c/8.3.1/../../../../pic32c/lib/thumb/v7e-m+dp/hard\libpic32c.a(_write.o)
                0x00403518                _write

.text.isatty%114
                0x0040351c        0x4
 .text.isatty   0x0040351c        0x4 c:/program files/microchip/xc32/v3.01/bin/bin/../../lib/gcc/pic32c/8.3.1/../../../../pic32c/lib/thumb/v7e-m+dp/hard\libpic32c.a(isatty.o)
                0x0040351c                isatty

.text.lseek%115
                0x00403520        0x4
 .text.lseek    0x00403520        0x4 c:/program files/microchip/xc32/v3.01/bin/bin/../../lib/gcc/pic32c/8.3.1/../../../../pic32c/lib/thumb/v7e-m+dp/hard\libpic32c.a(lseek.o)
                0x00403520                lseek

.text.Dummy_Handler%116
                0x00401cd6        0x2
 .text.Dummy_Handler
                0x00401cd6        0x2 build/default/production/_ext/1171490990/interrupts.o
                0x00401cd6                DACC_Handler
                0x00401cd6                SVCall_Handler
                0x00401cd6                TC0_CH2_Handler
                0x00401cd6                TC3_CH1_Handler
                0x00401cd6                UART3_Handler
                0x00401cd6                UART2_Handler
                0x00401cd6                TRNG_Handler
                0x00401cd6                SysTick_Handler
                0x00401cd6                AFEC1_Handler
                0x00401cd6                PendSV_Handler
                0x00401cd6                TC0_CH1_Handler
                0x00401cd6                QSPI_Handler
                0x00401cd6                ISI_Handler
                0x00401cd6                MCAN0_INT0_Handler
                0x00401cd6                RSWDT_Handler
                0x00401cd6                USART0_Handler
                0x00401cd6                TC1_CH2_Handler
                0x00401cd6                RTT_Handler
                0x00401cd6                USBHS_Handler
                0x00401cd6                IXC_Handler
                0x00401cd6                CCF_Handler
                0x00401cd6                PIOB_Handler
                0x00401cd6                RTC_Handler
                0x00401cd6                WDT_Handler
                0x00401cd6                MCAN1_INT1_Handler
                0x00401cd6                HSMCI_Handler
                0x00401cd6                UART1_Handler
                0x00401cd6                Dummy_Handler
                0x00401cd6                TWIHS1_Handler
                0x00401cd6                TC3_CH2_Handler
                0x00401cd6                XDMAC_Handler
                0x00401cd6                UART4_Handler
                0x00401cd6                TC2_CH0_Handler
                0x00401cd6                PWM1_Handler
                0x00401cd6                USART1_Handler
                0x00401cd6                PWM0_Handler
                0x00401cd6                PIOA_Handler
                0x00401cd6                AFEC0_Handler
                0x00401cd6                CCW_Handler
                0x00401cd6                TC3_CH0_Handler
                0x00401cd6                SSC_Handler
                0x00401cd6                TC1_CH0_Handler
                0x00401cd6                ACC_Handler
                0x00401cd6                PMC_Handler
                0x00401cd6                GMAC_Handler
                0x00401cd6                TC2_CH2_Handler
                0x00401cd6                MCAN0_INT1_Handler
                0x00401cd6                GMAC_Q5_Handler
                0x00401cd6                SUPC_Handler
                0x00401cd6                TC2_CH1_Handler
                0x00401cd6                MCAN1_INT0_Handler
                0x00401cd6                EFC_Handler
                0x00401cd6                GMAC_Q1_Handler
                0x00401cd6                USART2_Handler
                0x00401cd6                SDRAMC_Handler
                0x00401cd6                GMAC_Q2_Handler
                0x00401cd6                PIOE_Handler
                0x00401cd6                SPI1_Handler
                0x00401cd6                TC1_CH1_Handler
                0x00401cd6                GMAC_Q3_Handler
                0x00401cd6                PIOD_Handler
                0x00401cd6                TWIHS2_Handler
                0x00401cd6                I2SC0_Handler
                0x00401cd6                UART0_Handler
                0x00401cd6                I2SC1_Handler
                0x00401cd6                TC0_CH0_Handler
                0x00401cd6                PIOC_Handler
                0x00401cd6                GMAC_Q4_Handler
                0x00401cd6                FPU_Handler
                0x00401cd6                RSTC_Handler
                0x00401cd6                ICM_Handler
                0x00401cd6                AES_Handler
                0x00401cd6                TWIHS0_Handler
                0x00401cd6                SPI0_Handler

.text.NonMaskableInt_Handler%117
                0x004020c2        0x2
 .text.NonMaskableInt_Handler